Archive member included to satisfy reference by file (symbol)

C:/nxp/MCUXpressoIDE_25.6.136/ide/plugins/com.nxp.mcuxpresso.tools.win32_25.6.0.202501151204/tools/bin/../lib/gcc/arm-none-eabi/14.2.1/../../../../arm-none-eabi/lib/thumb/v8-m.main/nofp\libcr_nohost_nf.a(_cr__main.o)
                              ./startup/startup_lpc55s69_cm33_core1.o (__main)
C:/nxp/MCUXpressoIDE_25.6.136/ide/plugins/com.nxp.mcuxpresso.tools.win32_25.6.0.202501151204/tools/bin/../lib/gcc/arm-none-eabi/14.2.1/../../../../arm-none-eabi/lib/thumb/v8-m.main/nofp\libcr_c.a(memcpy.o)
                              ./utilities/str/fsl_str.o (memcpy)
C:/nxp/MCUXpressoIDE_25.6.136/ide/plugins/com.nxp.mcuxpresso.tools.win32_25.6.0.202501151204/tools/bin/../lib/gcc/arm-none-eabi/14.2.1/../../../../arm-none-eabi/lib/thumb/v8-m.main/nofp\libcr_c.a(memset.o)
                              ./utilities/debug_console/fsl_debug_console.o (memset)
C:/nxp/MCUXpressoIDE_25.6.136/ide/plugins/com.nxp.mcuxpresso.tools.win32_25.6.0.202501151204/tools/bin/../lib/gcc/arm-none-eabi/14.2.1/../../../../arm-none-eabi/lib/thumb/v8-m.main/nofp\libcr_c.a(alloc.o)
                              ./source/main_core1.o (malloc)
C:/nxp/MCUXpressoIDE_25.6.136/ide/plugins/com.nxp.mcuxpresso.tools.win32_25.6.0.202501151204/tools/bin/../lib/gcc/arm-none-eabi/14.2.1/../../../../arm-none-eabi/lib/thumb/v8-m.main/nofp\libcr_c.a(errno.o)
                              ./utilities/str/fsl_str.o (errno)
C:/nxp/MCUXpressoIDE_25.6.136/ide/plugins/com.nxp.mcuxpresso.tools.win32_25.6.0.202501151204/tools/bin/../lib/gcc/arm-none-eabi/14.2.1/../../../../arm-none-eabi/lib/thumb/v8-m.main/nofp\libcr_c.a(initio.o)
                              C:/nxp/MCUXpressoIDE_25.6.136/ide/plugins/com.nxp.mcuxpresso.tools.win32_25.6.0.202501151204/tools/bin/../lib/gcc/arm-none-eabi/14.2.1/../../../../arm-none-eabi/lib/thumb/v8-m.main/nofp\libcr_nohost_nf.a(_cr__main.o) (_initio)
C:/nxp/MCUXpressoIDE_25.6.136/ide/plugins/com.nxp.mcuxpresso.tools.win32_25.6.0.202501151204/tools/bin/../lib/gcc/arm-none-eabi/14.2.1/../../../../arm-none-eabi/lib/thumb/v8-m.main/nofp\libcr_c.a(scanf.o)
                              ./utilities/str/fsl_str.o (strtoul)
C:/nxp/MCUXpressoIDE_25.6.136/ide/plugins/com.nxp.mcuxpresso.tools.win32_25.6.0.202501151204/tools/bin/../lib/gcc/arm-none-eabi/14.2.1/../../../../arm-none-eabi/lib/thumb/v8-m.main/nofp\libcr_c.a(setvbuf.o)
                              C:/nxp/MCUXpressoIDE_25.6.136/ide/plugins/com.nxp.mcuxpresso.tools.win32_25.6.0.202501151204/tools/bin/../lib/gcc/arm-none-eabi/14.2.1/../../../../arm-none-eabi/lib/thumb/v8-m.main/nofp\libcr_c.a(initio.o) (setvbuf)
C:/nxp/MCUXpressoIDE_25.6.136/ide/plugins/com.nxp.mcuxpresso.tools.win32_25.6.0.202501151204/tools/bin/../lib/gcc/arm-none-eabi/14.2.1/../../../../arm-none-eabi/lib/thumb/v8-m.main/nofp\libcr_c.a(strlen.o)
                              ./utilities/str/fsl_str.o (strlen)
C:/nxp/MCUXpressoIDE_25.6.136/ide/plugins/com.nxp.mcuxpresso.tools.win32_25.6.0.202501151204/tools/bin/../lib/gcc/arm-none-eabi/14.2.1/../../../../arm-none-eabi/lib/thumb/v8-m.main/nofp\libcr_c.a(ungetc.o)
                              C:/nxp/MCUXpressoIDE_25.6.136/ide/plugins/com.nxp.mcuxpresso.tools.win32_25.6.0.202501151204/tools/bin/../lib/gcc/arm-none-eabi/14.2.1/../../../../arm-none-eabi/lib/thumb/v8-m.main/nofp\libcr_c.a(scanf.o) (ungetc)
C:/nxp/MCUXpressoIDE_25.6.136/ide/plugins/com.nxp.mcuxpresso.tools.win32_25.6.0.202501151204/tools/bin/../lib/gcc/arm-none-eabi/14.2.1/../../../../arm-none-eabi/lib/thumb/v8-m.main/nofp\libcr_c.a(__fillbuf.o)
                              C:/nxp/MCUXpressoIDE_25.6.136/ide/plugins/com.nxp.mcuxpresso.tools.win32_25.6.0.202501151204/tools/bin/../lib/gcc/arm-none-eabi/14.2.1/../../../../arm-none-eabi/lib/thumb/v8-m.main/nofp\libcr_c.a(scanf.o) (__filbuf)
C:/nxp/MCUXpressoIDE_25.6.136/ide/plugins/com.nxp.mcuxpresso.tools.win32_25.6.0.202501151204/tools/bin/../lib/gcc/arm-none-eabi/14.2.1/../../../../arm-none-eabi/lib/thumb/v8-m.main/nofp\libcr_c.a(__init_alloc.o)
                              C:/nxp/MCUXpressoIDE_25.6.136/ide/plugins/com.nxp.mcuxpresso.tools.win32_25.6.0.202501151204/tools/bin/../lib/gcc/arm-none-eabi/14.2.1/../../../../arm-none-eabi/lib/thumb/v8-m.main/nofp\libcr_c.a(alloc.o) (__heaps)
C:/nxp/MCUXpressoIDE_25.6.136/ide/plugins/com.nxp.mcuxpresso.tools.win32_25.6.0.202501151204/tools/bin/../lib/gcc/arm-none-eabi/14.2.1/../../../../arm-none-eabi/lib/thumb/v8-m.main/nofp\libcr_c.a(_cr_sbrk.o)
                              C:/nxp/MCUXpressoIDE_25.6.136/ide/plugins/com.nxp.mcuxpresso.tools.win32_25.6.0.202501151204/tools/bin/../lib/gcc/arm-none-eabi/14.2.1/../../../../arm-none-eabi/lib/thumb/v8-m.main/nofp\libcr_c.a(alloc.o) (_sbrk)
C:/nxp/MCUXpressoIDE_25.6.136/ide/plugins/com.nxp.mcuxpresso.tools.win32_25.6.0.202501151204/tools/bin/../lib/gcc/arm-none-eabi/14.2.1/../../../../arm-none-eabi/lib/thumb/v8-m.main/nofp\libcr_c.a(_deferredlazyseek.o)
[...]
Memory Configuration

Name             Origin             Length             Attributes
PROGRAM_FLASH    0x00000000         0x0009d800         xr
SRAM             0x20030000         0x0000c000         xrw
shmem            0x2003c000         0x00004000         xrw
SRAMX            0x04000000         0x00008000         xrw
USB_RAM          0x40100000         0x00004000         xrw
SRAM4            0x20040000         0x00004000         xrw
*default*        0x00000000         0xffffffff

Linker script and memory map

LOAD ./utilities/str/fsl_str.o
LOAD ./utilities/debug_console/fsl_debug_console.o
LOAD ./utilities/fsl_assert.o
LOAD ./startup/boot_multicore_slave.o
LOAD ./startup/startup_lpc55s69_cm33_core1.o
LOAD ./source/main_core1.o
LOAD ./source/semihost_hardfault.o
LOAD ./lcd/fonts/fixed12.o
LOAD ./lcd/fonts/fixed16.o
LOAD ./lcd/fonts/fixed20.o
LOAD ./lcd/fonts/fixed24.o
LOAD ./lcd/fonts/fixed8.o
LOAD ./lcd/fsl_ili9341.o
LOAD ./lcd/lcd.o
LOAD ./lcd/lcd_dpy.o
LOAD ./lcd/lcd_private.o
LOAD ./lcd/lcd_ts.o
LOAD ./drivers/fsl_clock.o
LOAD ./drivers/fsl_common.o
LOAD ./drivers/fsl_common_arm.o
LOAD ./drivers/fsl_ctimer.o
LOAD ./drivers/fsl_flexcomm.o
LOAD ./drivers/fsl_gpio.o
LOAD ./drivers/fsl_i2c.o
LOAD ./drivers/fsl_power.o
LOAD ./drivers/fsl_reset.o
LOAD ./drivers/fsl_spi.o
LOAD ./drivers/fsl_usart.o
LOAD ./device/system_LPC55S69_cm33_core1.o
LOAD ./component/uart/fsl_adapter_usart.o
LOAD ./component/serial_manager/fsl_component_serial_manager.o
LOAD ./component/serial_manager/fsl_component_serial_port_uart.o
LOAD ./component/lists/fsl_component_generic_list.o
LOAD ./board/board.o
LOAD ./board/clock_config.o
LOAD ./board/peripherals.o
LOAD ./board/pin_mux.o
START GROUP
LOAD C:/nxp/MCUXpressoIDE_25.6.136/ide/plugins/com.nxp.mcuxpresso.tools.win32_25.6.0.202501151204/tools/bin/../lib/gcc/arm-none-eabi/14.2.1/../../../../arm-none-eabi/lib/thumb/v8-m.main/nofp\libcr_nohost_nf.a
LOAD C:/nxp/MCUXpressoIDE_25.6.136/ide/plugins/com.nxp.mcuxpresso.tools.win32_25.6.0.202501151204/tools/bin/../lib/gcc/arm-none-eabi/14.2.1/../../../../arm-none-eabi/lib/thumb/v8-m.main/nofp\libcr_c.a
LOAD C:/nxp/MCUXpressoIDE_25.6.136/ide/plugins/com.nxp.mcuxpresso.tools.win32_25.6.0.202501151204/tools/bin/../lib/gcc/arm-none-eabi/14.2.1/thumb/v8-m.main/nofp\libcr_eabihelpers.a
LOAD C:/nxp/MCUXpressoIDE_25.6.136/ide/plugins/com.nxp.mcuxpresso.tools.win32_25.6.0.202501151204/tools/bin/../lib/gcc/arm-none-eabi/14.2.1/thumb/v8-m.main/nofp\libgcc.a
END GROUP
                0x00000000                        __base_PROGRAM_FLASH = 0x0
                0x00000000                        __base_Flash = 0x0
                0x0009d800                        __top_PROGRAM_FLASH = 0x9d800
                0x0009d800                        __top_Flash = 0x9d800
                0x20030000                        __base_SRAM = 0x20030000
                0x20030000                        __base_RAM = 0x20030000
                0x2003c000                        __top_SRAM = 0x2003c000
                0x2003c000                        __top_RAM = 0x2003c000
                0x2003c000                        __base_shmem = 0x2003c000
                0x2003c000                        __base_RAM2 = 0x2003c000
                0x20040000                        __top_shmem = 0x20040000
                0x20040000                        __top_RAM2 = 0x20040000
                0x04000000                        __base_SRAMX = 0x4000000
                0x04000000                        __base_RAM3 = 0x4000000
                0x04008000                        __top_SRAMX = 0x4008000
                0x04008000                        __top_RAM3 = 0x4008000
                0x40100000                        __base_USB_RAM = 0x40100000
                0x40100000                        __base_RAM4 = 0x40100000
                0x40104000                        __top_USB_RAM = 0x40104000
                0x40104000                        __top_RAM4 = 0x40104000
                0x20040000                        __base_SRAM4 = 0x20040000
                0x20040000                        __base_RAM5 = 0x20040000
                0x20044000                        __top_SRAM4 = 0x20044000
                0x20044000                        __top_RAM5 = 0x20044000

.text           0x20030000     0x50d4
 FILL mask 0xff
                0x20030000                        __vectors_start__ = ABSOLUTE (.)
 *(SORT_BY_ALIGNMENT(.isr_vector))
 .isr_vector    0x20030000      0x130 ./startup/startup_lpc55s69_cm33_core1.o
                0x20030000                g_pfnVectors
                0x20030000                __Vectors
                0x20030130                        . = ALIGN (0x4)
                0x20030130                        __section_table_start = .
                0x20030130                        __data_section_table = .
                0x20030130        0x4 LONG 0x200350d4 LOADADDR (.data)
                0x20030134        0x4 LONG 0x200350d4 ADDR (.data)
                0x20030138        0x4 LONG 0x40 SIZEOF (.data)
                0x2003013c        0x4 LONG 0x200350d4 LOADADDR (.data_RAM2)
                0x20030140        0x4 LONG 0x2003c000 ADDR (.data_RAM2)
                0x20030144        0x4 LONG 0x0 SIZEOF (.data_RAM2)
                0x20030148        0x4 LONG 0x200350d4 LOADADDR (.data_RAM3)
                0x2003014c        0x4 LONG 0x4000000 ADDR (.data_RAM3)
                0x20030150        0x4 LONG 0x0 SIZEOF (.data_RAM3)
                0x20030154        0x4 LONG 0x200350d4 LOADADDR (.data_RAM4)
                0x20030158        0x4 LONG 0x40100000 ADDR (.data_RAM4)
                0x2003015c        0x4 LONG 0x0 SIZEOF (.data_RAM4)
                0x20030160        0x4 LONG 0x200350d4 LOADADDR (.data_RAM5)
                0x20030164        0x4 LONG 0x20040000 ADDR (.data_RAM5)
                0x20030168        0x4 LONG 0x0 SIZEOF (.data_RAM5)
                0x2003016c                        __data_section_table_end = .
                0x2003016c                        __bss_section_table = .
                0x2003016c        0x4 LONG 0x20035114 ADDR (.bss)
                0x20030170        0x4 LONG 0x350 SIZEOF (.bss)
                0x20030174        0x4 LONG 0x2003c000 ADDR (.bss_RAM2)
                0x20030178        0x4 LONG 0x0 SIZEOF (.bss_RAM2)
                0x2003017c        0x4 LONG 0x4000000 ADDR (.bss_RAM3)
                0x20030180        0x4 LONG 0x0 SIZEOF (.bss_RAM3)
                0x20030184        0x4 LONG 0x40100000 ADDR (.bss_RAM4)
                0x20030188        0x4 LONG 0x0 SIZEOF (.bss_RAM4)
                0x2003018c        0x4 LONG 0x20040000 ADDR (.bss_RAM5)
                0x20030190        0x4 LONG 0x0 SIZEOF (.bss_RAM5)
                0x20030194                        __bss_section_table_end = .
                0x20030194                        __section_table_end = .
 *(SORT_BY_ALIGNMENT(.after_vectors*))
 .after_vectors.reset
                0x20030194       0x4c ./startup/startup_lpc55s69_cm33_core1.o
                0x20030194                ResetISR
 .after_vectors.init_data
                0x200301e0       0x1c ./startup/startup_lpc55s69_cm33_core1.o
                0x200301e0                data_init
 .after_vectors.init_bss
                0x200301fc       0x12 ./startup/startup_lpc55s69_cm33_core1.o
                0x200301fc                bss_init
 .after_vectors
                0x2003020e       0x16 ./startup/startup_lpc55s69_cm33_core1.o
                0x2003020e                NMI_Handler
                0x20030212                MemManage_Handler
                0x20030214                BusFault_Handler
                0x20030216                UsageFault_Handler
                0x20030218                SecureFault_Handler
                0x2003021a                SVC_Handler
                0x2003021c                DebugMon_Handler
                0x2003021e                PendSV_Handler
                0x20030220                SysTick_Handler
                0x20030222                Reserved56_DriverIRQHandler
                0x20030222                PIN_INT0_DriverIRQHandler
                0x20030222                PIN_INT2_DriverIRQHandler
                0x20030222                PIN_INT3_DriverIRQHandler
                0x20030222                IntDefaultHandler
                0x20030222                USB0_DriverIRQHandler
                0x20030222                CASER_DriverIRQHandler
                0x20030222                MRT0_DriverIRQHandler
                0x20030222                UTICK0_DriverIRQHandler
                0x20030222                Reserved41_DriverIRQHandler
                0x20030222                PIN_INT4_DriverIRQHandler
                0x20030222                PIN_INT5_DriverIRQHandler
                0x20030222                SEC_GPIO_INT0_IRQ0_DriverIRQHandler
                0x20030222                GINT1_DriverIRQHandler
                0x20030222                PIN_INT7_DriverIRQHandler
                0x20030222                Reserved55_DriverIRQHandler
                0x20030222                SEC_VIO_DriverIRQHandler
                0x20030222                USB0_NEEDCLK_DriverIRQHandler
                0x20030222                Reserved42_DriverIRQHandler
                0x20030222                PIN_INT6_DriverIRQHandler
                0x20030222                PQ_DriverIRQHandler
                0x20030222                MAILBOX_DriverIRQHandler
                0x20030222                PIN_INT1_DriverIRQHandler
                0x20030222                Reserved61_DriverIRQHandler
                0x20030222                SEC_GPIO_INT0_IRQ1_DriverIRQHandler
                0x20030222                PUF_DriverIRQHandler
                0x20030222                RTC_DriverIRQHandler
                0x20030222                DMA0_DriverIRQHandler
                0x20030222                Reserved39_DriverIRQHandler
                0x20030222                USB1_DriverIRQHandler
                0x20030222                Reserved60_DriverIRQHandler
                0x20030222                DMA1_DriverIRQHandler
                0x20030222                ADC0_DriverIRQHandler
                0x20030222                USB1_NEEDCLK_DriverIRQHandler
                0x20030222                Reserved59_DriverIRQHandler
                0x20030222                SDIO_DriverIRQHandler
                0x20030222                GINT0_DriverIRQHandler
                0x20030222                USB1_PHY_DriverIRQHandler
                0x20030222                ACMP_DriverIRQHandler
                0x20030222                Reserved57_DriverIRQHandler
                0x20030222                HASHCRYPT_DriverIRQHandler
                0x20030222                Reserved46_DriverIRQHandler
                0x20030222                WDT_BOD_DriverIRQHandler
                0x20030222                SCT0_DriverIRQHandler
                0x20030222                PLU_DriverIRQHandler
                0x20030222                OS_EVENT_DriverIRQHandler
                0x20030222                SEC_HYPERVISOR_CALL_DriverIRQHandler
 *(SORT_BY_ALIGNMENT(.text*))
 .text.DbgConsole_SendDataReliable
                0x20030224       0x54 ./utilities/debug_console/fsl_debug_console.o
                0x20030224                DbgConsole_SendDataReliable
 .text.DbgConsole_Vprintf
                0x20030278       0x68 ./utilities/debug_console/fsl_debug_console.o
                0x20030278                DbgConsole_Vprintf
 .text.__assertion_failed
                0x200302e0       0x3c ./utilities/fsl_assert.o
                0x200302e0                __assertion_failed
 .text.__NVIC_EnableIRQ
                0x2003031c       0x38 ./source/main_core1.o
 .text.__NVIC_SetPriority
                0x20030354       0x54 ./source/main_core1.o
 .text.mb_init  0x200303a8       0x24 ./source/main_core1.o
                0x200303a8                mb_init
 .text.mb_pop_evt
                0x200303cc       0x24 ./source/main_core1.o
                0x200303cc                mb_pop_evt
 .text.mb_push_evt
                0x200303f0       0x3c ./source/main_core1.o
                0x200303f0                mb_push_evt
 .text.next_event
                0x2003042c       0x78 ./source/main_core1.o
                0x2003042c                next_event
 .text.MAILBOX_IRQHandler
                0x200304a4       0x74 ./source/main_core1.o
                0x200304a4                MAILBOX_IRQHandler
 .text.init_pool
                0x20030518       0x3c ./source/main_core1.o
                0x20030518                init_pool
 .text.free_buffer
                0x20030554       0x30 ./source/main_core1.o
                0x20030554                free_buffer
 .text.main     0x20030584      0x744 ./source/main_core1.o
                0x20030584                main
 .text.lcd_switch_to
                0x20030cc8       0x5c ./lcd/lcd.o
                0x20030cc8                lcd_switch_to
 .text.lcd_init
                0x20030d24       0x38 ./lcd/lcd.o
                0x20030d24                lcd_init
 .text.lcd_set_window
                0x20030d5c       0xec ./lcd/lcd_dpy.o
                0x20030d5c                lcd_set_window
 .text.lcd_clear_screen
                0x20030e48       0x2c ./lcd/lcd_dpy.o
                0x20030e48                lcd_clear_screen
 .text.lcd_get_default_DC
                0x20030e74       0x2c ./lcd/lcd_dpy.o
                0x20030e74                lcd_get_default_DC
 .text.lcd_fill_rect
                0x20030ea0       0x90 ./lcd/lcd_dpy.o
                0x20030ea0                lcd_fill_rect
 .text.lcd_draw_rect
                0x20030f30      0x120 ./lcd/lcd_dpy.o
                0x20030f30                lcd_draw_rect
 .text.lcd_clip
                0x20031050       0x4c ./lcd/lcd_dpy.o
                0x20031050                lcd_clip
 .text.lcd_unclip
                0x2003109c       0x18 ./lcd/lcd_dpy.o
                0x2003109c                lcd_unclip
 .text.rgn_code
                0x200310b4       0x78 ./lcd/lcd_dpy.o
 .text.lcd_line
                0x2003112c      0x1bc ./lcd/lcd_dpy.o
                0x2003112c                lcd_line
 .text.lcd_draw_raw_char
                0x200312e8      0x1a0 ./lcd/lcd_dpy.o
 .text.lcd_draw_string
                0x20031488      0x30c ./lcd/lcd_dpy.o
                0x20031488                lcd_draw_string
 .text.lcd_dpy_init
                0x20031794      0x37c ./lcd/lcd_dpy.o
                0x20031794                lcd_dpy_init
 .text.CTIMER_GetInstance
                0x20031b10       0x54 ./lcd/lcd_private.o
 .text.wait_ms  0x20031b64       0x88 ./lcd/lcd_private.o
                0x20031b64                wait_ms
 .text.lcd_pin_cfg
                0x20031bec       0xf4 ./lcd/lcd_private.o
                0x20031bec                lcd_pin_cfg
 .text.spi_update_cfg
                0x20031ce0       0x94 ./lcd/lcd_private.o
                0x20031ce0                spi_update_cfg
 .text.spi_master_init
                0x20031d74       0xbc ./lcd/lcd_private.o
                0x20031d74                spi_master_init
 .text.lcd_ts_write
                0x20031e30       0x50 ./lcd/lcd_ts.o
 .text.lcd_ts_read
                0x20031e80       0x58 ./lcd/lcd_ts.o
 .text.lcd_ts_read16
                0x20031ed8       0x78 ./lcd/lcd_ts.o
 .text.lcd_ts_init
                0x20031f50       0x94 ./lcd/lcd_ts.o
                0x20031f50                lcd_ts_init
 .text.CLOCK_AttachClk
                0x20031fe4       0x9c ./drivers/fsl_clock.o
                0x20031fe4                CLOCK_AttachClk
 .text.CLOCK_GetFro12MFreq
                0x20032080       0x28 ./drivers/fsl_clock.o
                0x20032080                CLOCK_GetFro12MFreq
 .text.CLOCK_GetFro1MFreq
                0x200320a8       0x28 ./drivers/fsl_clock.o
                0x200320a8                CLOCK_GetFro1MFreq
 .text.CLOCK_GetExtClkFreq
                0x200320d0       0x28 ./drivers/fsl_clock.o
                0x200320d0                CLOCK_GetExtClkFreq
 .text.CLOCK_GetFroHfFreq
                0x200320f8       0x28 ./drivers/fsl_clock.o
                0x200320f8                CLOCK_GetFroHfFreq
 .text.CLOCK_GetPll0OutFreq
                0x20032120       0x90 ./drivers/fsl_clock.o
                0x20032120                CLOCK_GetPll0OutFreq
 .text.CLOCK_GetPll1OutFreq
                0x200321b0       0x8c ./drivers/fsl_clock.o
                0x200321b0                CLOCK_GetPll1OutFreq
 .text.CLOCK_GetOsc32KFreq
                0x2003223c       0x58 ./drivers/fsl_clock.o
                0x2003223c                CLOCK_GetOsc32KFreq
 .text.CLOCK_GetCoreSysClkFreq
                0x20032294       0xa8 ./drivers/fsl_clock.o
                0x20032294                CLOCK_GetCoreSysClkFreq
 .text.CLOCK_GetI2SMClkFreq
                0x2003233c       0x14 ./drivers/fsl_clock.o
                0x2003233c                CLOCK_GetI2SMClkFreq
 .text.CLOCK_GetFlexCommInputClock
                0x20032350       0xbc ./drivers/fsl_clock.o
                0x20032350                CLOCK_GetFlexCommInputClock
 .text.CLOCK_GetCTimerClkFreq
                0x2003240c       0x90 ./drivers/fsl_clock.o
                0x2003240c                CLOCK_GetCTimerClkFreq
 .text.CTIMER_GenericIRQHandler
                0x2003249c       0xb4 ./drivers/fsl_ctimer.o
 .text.FLEXCOMM_GetInstance
                0x20032550       0x4c ./drivers/fsl_flexcomm.o
                0x20032550                FLEXCOMM_GetInstance
 .text.FLEXCOMM_Init
                0x2003259c       0x50 ./drivers/fsl_flexcomm.o
                0x2003259c                FLEXCOMM_Init
 .text.FLEXCOMM0_DriverIRQHandler
                0x200325ec       0x5c ./drivers/fsl_flexcomm.o
                0x200325ec                FLEXCOMM0_DriverIRQHandler
 .text.FLEXCOMM1_DriverIRQHandler
                0x20032648       0x5c ./drivers/fsl_flexcomm.o
                0x20032648                FLEXCOMM1_DriverIRQHandler
 .text.FLEXCOMM2_DriverIRQHandler
                0x200326a4       0x5c ./drivers/fsl_flexcomm.o
                0x200326a4                FLEXCOMM2_DriverIRQHandler
 .text.FLEXCOMM3_DriverIRQHandler
                0x20032700       0x5c ./drivers/fsl_flexcomm.o
                0x20032700                FLEXCOMM3_DriverIRQHandler
 .text.FLEXCOMM4_DriverIRQHandler
                0x2003275c       0x5c ./drivers/fsl_flexcomm.o
                0x2003275c                FLEXCOMM4_DriverIRQHandler
 .text.FLEXCOMM5_DriverIRQHandler
                0x200327b8       0x5c ./drivers/fsl_flexcomm.o
                0x200327b8                FLEXCOMM5_DriverIRQHandler
 .text.FLEXCOMM6_DriverIRQHandler
                0x20032814       0x5c ./drivers/fsl_flexcomm.o
                0x20032814                FLEXCOMM6_DriverIRQHandler
 .text.FLEXCOMM7_DriverIRQHandler
                0x20032870       0x5c ./drivers/fsl_flexcomm.o
                0x20032870                FLEXCOMM7_DriverIRQHandler
 .text.FLEXCOMM8_DriverIRQHandler
                0x200328cc       0x5c ./drivers/fsl_flexcomm.o
                0x200328cc                FLEXCOMM8_DriverIRQHandler
 .text.GPIO_EnablePortClock
                0x20032928       0x34 ./drivers/fsl_gpio.o
 .text.RESET_SetPeripheralReset
                0x2003295c       0x5c ./drivers/fsl_reset.o
                0x2003295c                RESET_SetPeripheralReset
 .text.RESET_ClearPeripheralReset
                0x200329b8       0x60 ./drivers/fsl_reset.o
                0x200329b8                RESET_ClearPeripheralReset
 .text.USART_WriteBlocking
                0x20032a18       0x8c ./drivers/fsl_usart.o
                0x20032a18                USART_WriteBlocking
 .text.SystemInit
                0x20032aa4       0x68 ./device/system_LPC55S69_cm33_core1.o
                0x20032aa4                SystemInit
 .text.HAL_UartSendBlocking
                0x20032b0c       0x64 ./component/uart/fsl_adapter_usart.o
                0x20032b0c                HAL_UartSendBlocking
 .text.malloc   0x20032b70       0xc8 C:/nxp/MCUXpressoIDE_25.6.136/ide/plugins/com.nxp.mcuxpresso.tools.win32_25.6.0.202501151204/tools/bin/../lib/gcc/arm-none-eabi/14.2.1/../../../../arm-none-eabi/lib/thumb/v8-m.main/nofp\libcr_c.a(alloc.o)
                0x20032b70                malloc
 .text._initio  0x20032c38       0x78 C:/nxp/MCUXpressoIDE_25.6.136/ide/plugins/com.nxp.mcuxpresso.tools.win32_25.6.0.202501151204/tools/bin/../lib/gcc/arm-none-eabi/14.2.1/../../../../arm-none-eabi/lib/thumb/v8-m.main/nofp\libcr_c.a(initio.o)
                0x20032c38                _initio
 .text._sbrk    0x20032cb0       0x3c C:/nxp/MCUXpressoIDE_25.6.136/ide/plugins/com.nxp.mcuxpresso.tools.win32_25.6.0.202501151204/tools/bin/../lib/gcc/arm-none-eabi/14.2.1/../../../../arm-none-eabi/lib/thumb/v8-m.main/nofp\libcr_c.a(_cr_sbrk.o)
                0x20032cb0                _sbrk
 .text._Cwritebuf
                0x20032cec       0x70 C:/nxp/MCUXpressoIDE_25.6.136/ide/plugins/com.nxp.mcuxpresso.tools.win32_25.6.0.202501151204/tools/bin/../lib/gcc/arm-none-eabi/14.2.1/../../../../arm-none-eabi/lib/thumb/v8-m.main/nofp\libcr_c.a(_writebuf.o)
                0x20032cec                _Cwritebuf
 .text.fflush   0x20032d5c       0x3c C:/nxp/MCUXpressoIDE_25.6.136/ide/plugins/com.nxp.mcuxpresso.tools.win32_25.6.0.202501151204/tools/bin/../lib/gcc/arm-none-eabi/14.2.1/../../../../arm-none-eabi/lib/thumb/v8-m.main/nofp\libcr_c.a(fflush.o)
                0x20032d5c                fflush
 .text.fseek    0x20032d98       0xf8 C:/nxp/MCUXpressoIDE_25.6.136/ide/plugins/com.nxp.mcuxpresso.tools.win32_25.6.0.202501151204/tools/bin/../lib/gcc/arm-none-eabi/14.2.1/../../../../arm-none-eabi/lib/thumb/v8-m.main/nofp\libcr_c.a(fseek.o)
                0x20032d98                fseek
 .text.ftell    0x20032e90       0x44 C:/nxp/MCUXpressoIDE_25.6.136/ide/plugins/com.nxp.mcuxpresso.tools.win32_25.6.0.202501151204/tools/bin/../lib/gcc/arm-none-eabi/14.2.1/../../../../arm-none-eabi/lib/thumb/v8-m.main/nofp\libcr_c.a(ftell.o)
                0x20032e90                ftell
 .text.__check_heap_overflow
                0x20032ed4       0x18 C:/nxp/MCUXpressoIDE_25.6.136/ide/plugins/com.nxp.mcuxpresso.tools.win32_25.6.0.202501151204/tools/bin/../lib/gcc/arm-none-eabi/14.2.1/../../../../arm-none-eabi/lib/thumb/v8-m.main/nofp\libcr_c.a(_cr_check_heap.o)
                0x20032ed4                __check_heap_overflow
 .text.PrintGetWidth
                0x20032eec       0x68 ./utilities/str/fsl_str.o
 .text.PrintGetPrecision
                0x20032f54       0x8a ./utilities/str/fsl_str.o
 .text.PrintIsobpu
                0x20032fde       0x36 ./utilities/str/fsl_str.o
 .text.PrintIsdi
                0x20033014       0x2a ./utilities/str/fsl_str.o
 .text.PrintOutputdifFobpu
                0x2003303e       0x44 ./utilities/str/fsl_str.o
 .text.PrintOutputxX
                0x20033082       0x44 ./utilities/str/fsl_str.o
 .text.PrintIsfF
                0x200330c6       0x2a ./utilities/str/fsl_str.o
 .text.PrintIsxX
                0x200330f0       0x2a ./utilities/str/fsl_str.o
 .text.PrintFilterLengthFlag
                0x2003311a       0x3c ./utilities/str/fsl_str.o
 .text.PrintGetRadixFromobpu
                0x20033156       0x3e ./utilities/str/fsl_str.o
 .text.ConvertRadixNumToString
                0x20033194       0xc0 ./utilities/str/fsl_str.o
 .text.StrFormatExaminedi
                0x20033254       0x24 ./utilities/str/fsl_str.o
 .text.StrFormatExaminexX
                0x20033278       0x24 ./utilities/str/fsl_str.o
 .text.StrFormatExamineobpu
                0x2003329c       0x24 ./utilities/str/fsl_str.o
 .text.ConvertPrecisionWidthToLength
                0x200332c0       0x20 ./utilities/str/fsl_str.o
 .text.StrFormatPrintf
                0x200332e0      0x2bc ./utilities/str/fsl_str.o
                0x200332e0                StrFormatPrintf
 .text.DbgConsole_PrintCallback
                0x2003359c       0x66 ./utilities/debug_console/fsl_debug_console.o
 .text.DbgConsole_Printf
                0x20033602       0x2c ./utilities/debug_console/fsl_debug_console.o
                0x20033602                DbgConsole_Printf
 .text.fsl_assert_hook
                0x2003362e       0x18 ./utilities/fsl_assert.o
                0x2003362e                fsl_assert_hook
 .text.WDT_BOD_IRQHandler
                0x20033646        0x8 ./startup/startup_lpc55s69_cm33_core1.o
                0x20033646                WDT_BOD_IRQHandler
 .text.DMA0_IRQHandler
                0x2003364e        0x8 ./startup/startup_lpc55s69_cm33_core1.o
                0x2003364e                DMA0_IRQHandler
 .text.GINT0_IRQHandler
                0x20033656        0x8 ./startup/startup_lpc55s69_cm33_core1.o
                0x20033656                GINT0_IRQHandler
 .text.GINT1_IRQHandler
                0x2003365e        0x8 ./startup/startup_lpc55s69_cm33_core1.o
                0x2003365e                GINT1_IRQHandler
 .text.PIN_INT0_IRQHandler
                0x20033666        0x8 ./startup/startup_lpc55s69_cm33_core1.o
                0x20033666                PIN_INT0_IRQHandler
 .text.PIN_INT1_IRQHandler
                0x2003366e        0x8 ./startup/startup_lpc55s69_cm33_core1.o
                0x2003366e                PIN_INT1_IRQHandler
 .text.PIN_INT2_IRQHandler
                0x20033676        0x8 ./startup/startup_lpc55s69_cm33_core1.o
                0x20033676                PIN_INT2_IRQHandler
 .text.PIN_INT3_IRQHandler
                0x2003367e        0x8 ./startup/startup_lpc55s69_cm33_core1.o
                0x2003367e                PIN_INT3_IRQHandler
 .text.UTICK0_IRQHandler
                0x20033686        0x8 ./startup/startup_lpc55s69_cm33_core1.o
                0x20033686                UTICK0_IRQHandler
 .text.MRT0_IRQHandler
                0x2003368e        0x8 ./startup/startup_lpc55s69_cm33_core1.o
                0x2003368e                MRT0_IRQHandler
 .text.CTIMER0_IRQHandler
                0x20033696        0x8 ./startup/startup_lpc55s69_cm33_core1.o
                0x20033696                CTIMER0_IRQHandler
 .text.CTIMER1_IRQHandler
                0x2003369e        0x8 ./startup/startup_lpc55s69_cm33_core1.o
                0x2003369e                CTIMER1_IRQHandler
 .text.SCT0_IRQHandler
                0x200336a6        0x8 ./startup/startup_lpc55s69_cm33_core1.o
                0x200336a6                SCT0_IRQHandler
 .text.CTIMER3_IRQHandler
                0x200336ae        0x8 ./startup/startup_lpc55s69_cm33_core1.o
                0x200336ae                CTIMER3_IRQHandler
 .text.FLEXCOMM0_IRQHandler
                0x200336b6        0x8 ./startup/startup_lpc55s69_cm33_core1.o
                0x200336b6                FLEXCOMM0_IRQHandler
 .text.FLEXCOMM1_IRQHandler
                0x200336be        0x8 ./startup/startup_lpc55s69_cm33_core1.o
                0x200336be                FLEXCOMM1_IRQHandler
 .text.FLEXCOMM2_IRQHandler
                0x200336c6        0x8 ./startup/startup_lpc55s69_cm33_core1.o
                0x200336c6                FLEXCOMM2_IRQHandler
 .text.FLEXCOMM3_IRQHandler
                0x200336ce        0x8 ./startup/startup_lpc55s69_cm33_core1.o
                0x200336ce                FLEXCOMM3_IRQHandler
 .text.FLEXCOMM4_IRQHandler
                0x200336d6        0x8 ./startup/startup_lpc55s69_cm33_core1.o
                0x200336d6                FLEXCOMM4_IRQHandler
 .text.FLEXCOMM5_IRQHandler
                0x200336de        0x8 ./startup/startup_lpc55s69_cm33_core1.o
                0x200336de                FLEXCOMM5_IRQHandler
 .text.FLEXCOMM6_IRQHandler
                0x200336e6        0x8 ./startup/startup_lpc55s69_cm33_core1.o
                0x200336e6                FLEXCOMM6_IRQHandler
 .text.FLEXCOMM7_IRQHandler
                0x200336ee        0x8 ./startup/startup_lpc55s69_cm33_core1.o
                0x200336ee                FLEXCOMM7_IRQHandler
 .text.ADC0_IRQHandler
                0x200336f6        0x8 ./startup/startup_lpc55s69_cm33_core1.o
                0x200336f6                ADC0_IRQHandler
 .text.Reserved39_IRQHandler
                0x200336fe        0x8 ./startup/startup_lpc55s69_cm33_core1.o
                0x200336fe                Reserved39_IRQHandler
 .text.ACMP_IRQHandler
                0x20033706        0x8 ./startup/startup_lpc55s69_cm33_core1.o
                0x20033706                ACMP_IRQHandler
 .text.Reserved41_IRQHandler
                0x2003370e        0x8 ./startup/startup_lpc55s69_cm33_core1.o
                0x2003370e                Reserved41_IRQHandler
 .text.Reserved42_IRQHandler
                0x20033716        0x8 ./startup/startup_lpc55s69_cm33_core1.o
                0x20033716                Reserved42_IRQHandler
 .text.USB0_NEEDCLK_IRQHandler
                0x2003371e        0x8 ./startup/startup_lpc55s69_cm33_core1.o
                0x2003371e                USB0_NEEDCLK_IRQHandler
 .text.USB0_IRQHandler
                0x20033726        0x8 ./startup/startup_lpc55s69_cm33_core1.o
                0x20033726                USB0_IRQHandler
 .text.RTC_IRQHandler
                0x2003372e        0x8 ./startup/startup_lpc55s69_cm33_core1.o
                0x2003372e                RTC_IRQHandler
 .text.Reserved46_IRQHandler
                0x20033736        0x8 ./startup/startup_lpc55s69_cm33_core1.o
                0x20033736                Reserved46_IRQHandler
 .text.PIN_INT4_IRQHandler
                0x2003373e        0x8 ./startup/startup_lpc55s69_cm33_core1.o
                0x2003373e                PIN_INT4_IRQHandler
 .text.PIN_INT5_IRQHandler
                0x20033746        0x8 ./startup/startup_lpc55s69_cm33_core1.o
                0x20033746                PIN_INT5_IRQHandler
 .text.PIN_INT6_IRQHandler
                0x2003374e        0x8 ./startup/startup_lpc55s69_cm33_core1.o
                0x2003374e                PIN_INT6_IRQHandler
 .text.PIN_INT7_IRQHandler
                0x20033756        0x8 ./startup/startup_lpc55s69_cm33_core1.o
                0x20033756                PIN_INT7_IRQHandler
 .text.CTIMER2_IRQHandler
                0x2003375e        0x8 ./startup/startup_lpc55s69_cm33_core1.o
                0x2003375e                CTIMER2_IRQHandler
 .text.CTIMER4_IRQHandler
                0x20033766        0x8 ./startup/startup_lpc55s69_cm33_core1.o
                0x20033766                CTIMER4_IRQHandler
 .text.OS_EVENT_IRQHandler
                0x2003376e        0x8 ./startup/startup_lpc55s69_cm33_core1.o
                0x2003376e                OS_EVENT_IRQHandler
 .text.Reserved55_IRQHandler
                0x20033776        0x8 ./startup/startup_lpc55s69_cm33_core1.o
                0x20033776                Reserved55_IRQHandler
 .text.Reserved56_IRQHandler
                0x2003377e        0x8 ./startup/startup_lpc55s69_cm33_core1.o
                0x2003377e                Reserved56_IRQHandler
 .text.Reserved57_IRQHandler
                0x20033786        0x8 ./startup/startup_lpc55s69_cm33_core1.o
                0x20033786                Reserved57_IRQHandler
 .text.SDIO_IRQHandler
                0x2003378e        0x8 ./startup/startup_lpc55s69_cm33_core1.o
                0x2003378e                SDIO_IRQHandler
 .text.Reserved59_IRQHandler
                0x20033796        0x8 ./startup/startup_lpc55s69_cm33_core1.o
                0x20033796                Reserved59_IRQHandler
 .text.Reserved60_IRQHandler
                0x2003379e        0x8 ./startup/startup_lpc55s69_cm33_core1.o
                0x2003379e                Reserved60_IRQHandler
 .text.Reserved61_IRQHandler
                0x200337a6        0x8 ./startup/startup_lpc55s69_cm33_core1.o
                0x200337a6                Reserved61_IRQHandler
 .text.USB1_PHY_IRQHandler
                0x200337ae        0x8 ./startup/startup_lpc55s69_cm33_core1.o
                0x200337ae                USB1_PHY_IRQHandler
 .text.USB1_IRQHandler
                0x200337b6        0x8 ./startup/startup_lpc55s69_cm33_core1.o
                0x200337b6                USB1_IRQHandler
 .text.USB1_NEEDCLK_IRQHandler
                0x200337be        0x8 ./startup/startup_lpc55s69_cm33_core1.o
                0x200337be                USB1_NEEDCLK_IRQHandler
 .text.SEC_HYPERVISOR_CALL_IRQHandler
                0x200337c6        0x8 ./startup/startup_lpc55s69_cm33_core1.o
                0x200337c6                SEC_HYPERVISOR_CALL_IRQHandler
 .text.SEC_GPIO_INT0_IRQ0_IRQHandler
                0x200337ce        0x8 ./startup/startup_lpc55s69_cm33_core1.o
                0x200337ce                SEC_GPIO_INT0_IRQ0_IRQHandler
 .text.SEC_GPIO_INT0_IRQ1_IRQHandler
                0x200337d6        0x8 ./startup/startup_lpc55s69_cm33_core1.o
                0x200337d6                SEC_GPIO_INT0_IRQ1_IRQHandler
 .text.PLU_IRQHandler
                0x200337de        0x8 ./startup/startup_lpc55s69_cm33_core1.o
                0x200337de                PLU_IRQHandler
 .text.SEC_VIO_IRQHandler
                0x200337e6        0x8 ./startup/startup_lpc55s69_cm33_core1.o
                0x200337e6                SEC_VIO_IRQHandler
 .text.HASHCRYPT_IRQHandler
                0x200337ee        0x8 ./startup/startup_lpc55s69_cm33_core1.o
                0x200337ee                HASHCRYPT_IRQHandler
 .text.CASER_IRQHandler
                0x200337f6        0x8 ./startup/startup_lpc55s69_cm33_core1.o
                0x200337f6                CASER_IRQHandler
 .text.PUF_IRQHandler
                0x200337fe        0x8 ./startup/startup_lpc55s69_cm33_core1.o
                0x200337fe                PUF_IRQHandler
 .text.PQ_IRQHandler
                0x20033806        0x8 ./startup/startup_lpc55s69_cm33_core1.o
                0x20033806                PQ_IRQHandler
 .text.DMA1_IRQHandler
                0x2003380e        0x8 ./startup/startup_lpc55s69_cm33_core1.o
                0x2003380e                DMA1_IRQHandler
 .text.FLEXCOMM8_IRQHandler
                0x20033816        0x8 ./startup/startup_lpc55s69_cm33_core1.o
                0x20033816                FLEXCOMM8_IRQHandler
 .text.HardFault_Handler
                0x2003381e       0x36 ./source/semihost_hardfault.o
                0x2003381e                HardFault_Handler
 .text.GPIO_PinWrite
                0x20033854       0x28 ./lcd/lcd.o
 .text.GPIO_PinWrite
                0x2003387c       0x28 ./lcd/lcd_dpy.o
 .text.lcd_set_font
                0x200338a4       0x22 ./lcd/lcd_dpy.o
                0x200338a4                lcd_set_font
 .text.lcd_set_alignment
                0x200338c6       0x36 ./lcd/lcd_dpy.o
                0x200338c6                lcd_set_alignment
 .text.lcd_set_direction
                0x200338fc       0x30 ./lcd/lcd_dpy.o
                0x200338fc                lcd_set_direction
 .text.lcd_draw_line
                0x2003392c      0x430 ./lcd/lcd_dpy.o
                0x2003392c                lcd_draw_line
 .text.CLOCK_EnableClock
                0x20033d5c       0x2e ./lcd/lcd_private.o
 .text.spi_write
                0x20033d8a       0x6e ./lcd/lcd_private.o
                0x20033d8a                spi_write
 .text.spi_write_byte
                0x20033df8       0x48 ./lcd/lcd_private.o
                0x20033df8                spi_write_byte
 .text.spi_write16
                0x20033e40       0x72 ./lcd/lcd_private.o
                0x20033e40                spi_write16
 .text.spi_write16_n
                0x20033eb2       0x60 ./lcd/lcd_private.o
                0x20033eb2                spi_write16_n
 .text.GPIO_PinWrite
                0x20033f12       0x28 ./lcd/lcd_ts.o
 .text.CLOCK_GetFlexCommClkFreq
                0x20033f3a       0x9a ./drivers/fsl_clock.o
                0x20033f3a                CLOCK_GetFlexCommClkFreq
 .text.CTIMER_GetStatusFlags
                0x20033fd4       0x16 ./drivers/fsl_ctimer.o
 .text.CTIMER_ClearStatusFlags
                0x20033fea       0x1a ./drivers/fsl_ctimer.o
 .text.CTIMER0_DriverIRQHandler
                0x20034004        0xe ./drivers/fsl_ctimer.o
                0x20034004                CTIMER0_DriverIRQHandler
 .text.CTIMER1_DriverIRQHandler
                0x20034012        0xe ./drivers/fsl_ctimer.o
                0x20034012                CTIMER1_DriverIRQHandler
 .text.CTIMER2_DriverIRQHandler
                0x20034020        0xe ./drivers/fsl_ctimer.o
                0x20034020                CTIMER2_DriverIRQHandler
 .text.CTIMER3_DriverIRQHandler
                0x2003402e        0xe ./drivers/fsl_ctimer.o
                0x2003402e                CTIMER3_DriverIRQHandler
 .text.CTIMER4_DriverIRQHandler
                0x2003403c        0xe ./drivers/fsl_ctimer.o
                0x2003403c                CTIMER4_DriverIRQHandler
 .text.CLOCK_EnableClock
                0x2003404a       0x2e ./drivers/fsl_flexcomm.o
 .text.FLEXCOMM_PeripheralIsPresent
                0x20034078       0x62 ./drivers/fsl_flexcomm.o
 .text.FLEXCOMM_SetPeriph
                0x200340da       0x74 ./drivers/fsl_flexcomm.o
 .text.CLOCK_EnableClock
                0x2003414e       0x2e ./drivers/fsl_gpio.o
 .text.GPIO_PinInit
                0x2003417c       0xa4 ./drivers/fsl_gpio.o
                0x2003417c                GPIO_PinInit
 .text.RESET_PeripheralReset
                0x20034220       0x1c ./drivers/fsl_reset.o
                0x20034220                RESET_PeripheralReset
 .text.SystemInitHook
                0x2003423c        0xc ./device/system_LPC55S69_cm33_core1.o
                0x2003423c                SystemInitHook
 .text.SerialManager_StartWriting
                0x20034248       0x38 ./component/serial_manager/fsl_component_serial_manager.o
 .text.SerialManager_Write
                0x20034280       0x44 ./component/serial_manager/fsl_component_serial_manager.o
 .text.SerialManager_WriteBlocking
                0x200342c4       0x20 ./component/serial_manager/fsl_component_serial_manager.o
                0x200342c4                SerialManager_WriteBlocking
 .text.Serial_UartWrite
                0x200342e4       0x38 ./component/serial_manager/fsl_component_serial_port_uart.o
                0x200342e4                Serial_UartWrite
 .text.__main   0x2003431c        0xe C:/nxp/MCUXpressoIDE_25.6.136/ide/plugins/com.nxp.mcuxpresso.tools.win32_25.6.0.202501151204/tools/bin/../lib/gcc/arm-none-eabi/14.2.1/../../../../arm-none-eabi/lib/thumb/v8-m.main/nofp\libcr_nohost_nf.a(_cr__main.o)
                0x2003431c                __main
 .text.memcpy   0x2003432a        0x4 C:/nxp/MCUXpressoIDE_25.6.136/ide/plugins/com.nxp.mcuxpresso.tools.win32_25.6.0.202501151204/tools/bin/../lib/gcc/arm-none-eabi/14.2.1/../../../../arm-none-eabi/lib/thumb/v8-m.main/nofp\libcr_c.a(memcpy.o)
                0x2003432a                memcpy
 .text.memset   0x2003432e        0x4 C:/nxp/MCUXpressoIDE_25.6.136/ide/plugins/com.nxp.mcuxpresso.tools.win32_25.6.0.202501151204/tools/bin/../lib/gcc/arm-none-eabi/14.2.1/../../../../arm-none-eabi/lib/thumb/v8-m.main/nofp\libcr_c.a(memset.o)
                0x2003432e                memset
 .text.free     0x20034332       0x30 C:/nxp/MCUXpressoIDE_25.6.136/ide/plugins/com.nxp.mcuxpresso.tools.win32_25.6.0.202501151204/tools/bin/../lib/gcc/arm-none-eabi/14.2.1/../../../../arm-none-eabi/lib/thumb/v8-m.main/nofp\libcr_c.a(alloc.o)
                0x20034332                free
 .text.setvbuf  0x20034362       0x3e C:/nxp/MCUXpressoIDE_25.6.136/ide/plugins/com.nxp.mcuxpresso.tools.win32_25.6.0.202501151204/tools/bin/../lib/gcc/arm-none-eabi/14.2.1/../../../../arm-none-eabi/lib/thumb/v8-m.main/nofp\libcr_c.a(setvbuf.o)
                0x20034362                setvbuf
 .text.strlen   0x200343a0       0x4e C:/nxp/MCUXpressoIDE_25.6.136/ide/plugins/com.nxp.mcuxpresso.tools.win32_25.6.0.202501151204/tools/bin/../lib/gcc/arm-none-eabi/14.2.1/../../../../arm-none-eabi/lib/thumb/v8-m.main/nofp\libcr_c.a(strlen.o)
                0x200343a0                strlen
 .text._deferredlazyseek
                0x200343ee       0x40 C:/nxp/MCUXpressoIDE_25.6.136/ide/plugins/com.nxp.mcuxpresso.tools.win32_25.6.0.202501151204/tools/bin/../lib/gcc/arm-none-eabi/14.2.1/../../../../arm-none-eabi/lib/thumb/v8-m.main/nofp\libcr_c.a(_deferredlazyseek.o)
                0x200343ee                _deferredlazyseek
 .text._fdopen  0x2003442e       0x68 C:/nxp/MCUXpressoIDE_25.6.136/ide/plugins/com.nxp.mcuxpresso.tools.win32_25.6.0.202501151204/tools/bin/../lib/gcc/arm-none-eabi/14.2.1/../../../../arm-none-eabi/lib/thumb/v8-m.main/nofp\libcr_c.a(_fdopen.o)
                0x2003442e                _fdopen
 .text._fflush  0x20034496       0x52 C:/nxp/MCUXpressoIDE_25.6.136/ide/plugins/com.nxp.mcuxpresso.tools.win32_25.6.0.202501151204/tools/bin/../lib/gcc/arm-none-eabi/14.2.1/../../../../arm-none-eabi/lib/thumb/v8-m.main/nofp\libcr_c.a(_fflush.o)
                0x20034496                _fflush
 .text.fclose   0x200344e8       0x58 C:/nxp/MCUXpressoIDE_25.6.136/ide/plugins/com.nxp.mcuxpresso.tools.win32_25.6.0.202501151204/tools/bin/../lib/gcc/arm-none-eabi/14.2.1/../../../../arm-none-eabi/lib/thumb/v8-m.main/nofp\libcr_c.a(fclose.o)
                0x200344e8                fclose
 .text.remove   0x20034540       0x14 C:/nxp/MCUXpressoIDE_25.6.136/ide/plugins/com.nxp.mcuxpresso.tools.win32_25.6.0.202501151204/tools/bin/../lib/gcc/arm-none-eabi/14.2.1/../../../../arm-none-eabi/lib/thumb/v8-m.main/nofp\libcr_c.a(remove.o)
                0x20034540                remove
 .text._do_fflush
                0x20034554       0x40 C:/nxp/MCUXpressoIDE_25.6.136/ide/plugins/com.nxp.mcuxpresso.tools.win32_25.6.0.202501151204/tools/bin/../lib/gcc/arm-none-eabi/14.2.1/../../../../arm-none-eabi/lib/thumb/v8-m.main/nofp\libcr_c.a(_do_fflush.o)
                0x20034554                _do_fflush
 .text.__aeabi_division_uldivmod
                0x20034594      0x174 C:/nxp/MCUXpressoIDE_25.6.136/ide/plugins/com.nxp.mcuxpresso.tools.win32_25.6.0.202501151204/tools/bin/../lib/gcc/arm-none-eabi/14.2.1/thumb/v8-m.main/nofp\libcr_eabihelpers.a(division_64.o)
                0x20034594                __aeabi_uldivmod
                0x20034598                __bhs_ldivmod1
 .text.__aeabi_division_idiv0
                0x20034708        0x2 C:/nxp/MCUXpressoIDE_25.6.136/ide/plugins/com.nxp.mcuxpresso.tools.win32_25.6.0.202501151204/tools/bin/../lib/gcc/arm-none-eabi/14.2.1/thumb/v8-m.main/nofp\libcr_eabihelpers.a(division_idiv0.o)
                0x20034708                __aeabi_idiv0
 .text.__aeabi_memcpy
                0x2003470a       0x34 C:/nxp/MCUXpressoIDE_25.6.136/ide/plugins/com.nxp.mcuxpresso.tools.win32_25.6.0.202501151204/tools/bin/../lib/gcc/arm-none-eabi/14.2.1/thumb/v8-m.main/nofp\libcr_eabihelpers.a(memcpy.o)
                0x2003470a                __aeabi_memcpy
                0x20034714                __aeabi_memcpy8
                0x20034714                __aeabi_memcpy4
 .text.__aeabi_memset_lowlevel
                0x2003473e       0x32 C:/nxp/MCUXpressoIDE_25.6.136/ide/plugins/com.nxp.mcuxpresso.tools.win32_25.6.0.202501151204/tools/bin/../lib/gcc/arm-none-eabi/14.2.1/thumb/v8-m.main/nofp\libcr_eabihelpers.a(memcpy.o)
                0x2003473e                __aeabi_lowlevel_memset
 .text.__sys_close
                0x20034770        0x6 C:/nxp/MCUXpressoIDE_25.6.136/ide/plugins/com.nxp.mcuxpresso.tools.win32_25.6.0.202501151204/tools/bin/../lib/gcc/arm-none-eabi/14.2.1/../../../../arm-none-eabi/lib/thumb/v8-m.main/nofp\libcr_nohost_nf.a(__sys_close.o)
                0x20034770                __sys_close
 .text.__sys_flen
                0x20034776        0x6 C:/nxp/MCUXpressoIDE_25.6.136/ide/plugins/com.nxp.mcuxpresso.tools.win32_25.6.0.202501151204/tools/bin/../lib/gcc/arm-none-eabi/14.2.1/../../../../arm-none-eabi/lib/thumb/v8-m.main/nofp\libcr_nohost_nf.a(__sys_flen.o)
                0x20034776                __sys_flen
 .text.__sys_istty
                0x2003477c        0x6 C:/nxp/MCUXpressoIDE_25.6.136/ide/plugins/com.nxp.mcuxpresso.tools.win32_25.6.0.202501151204/tools/bin/../lib/gcc/arm-none-eabi/14.2.1/../../../../arm-none-eabi/lib/thumb/v8-m.main/nofp\libcr_nohost_nf.a(__sys_istty.o)
                0x2003477c                __sys_istty
 .text.__sys_remove
                0x20034782        0x6 C:/nxp/MCUXpressoIDE_25.6.136/ide/plugins/com.nxp.mcuxpresso.tools.win32_25.6.0.202501151204/tools/bin/../lib/gcc/arm-none-eabi/14.2.1/../../../../arm-none-eabi/lib/thumb/v8-m.main/nofp\libcr_nohost_nf.a(__sys_remove.o)
                0x20034782                __sys_remove
 .text.__sys_seek
                0x20034788        0x6 C:/nxp/MCUXpressoIDE_25.6.136/ide/plugins/com.nxp.mcuxpresso.tools.win32_25.6.0.202501151204/tools/bin/../lib/gcc/arm-none-eabi/14.2.1/../../../../arm-none-eabi/lib/thumb/v8-m.main/nofp\libcr_nohost_nf.a(__sys_seek.o)
                0x20034788                __sys_seek
 .text.__sys_tmpnam
                0x2003478e        0x6 C:/nxp/MCUXpressoIDE_25.6.136/ide/plugins/com.nxp.mcuxpresso.tools.win32_25.6.0.202501151204/tools/bin/../lib/gcc/arm-none-eabi/14.2.1/../../../../arm-none-eabi/lib/thumb/v8-m.main/nofp\libcr_nohost_nf.a(__sys_tmpnam.o)
                0x2003478e                __sys_tmpnam
 .text.__sys_write
                0x20034794        0x4 C:/nxp/MCUXpressoIDE_25.6.136/ide/plugins/com.nxp.mcuxpresso.tools.win32_25.6.0.202501151204/tools/bin/../lib/gcc/arm-none-eabi/14.2.1/../../../../arm-none-eabi/lib/thumb/v8-m.main/nofp\libcr_nohost_nf.a(__sys_write.o)
                0x20034794                __sys_write
 *(SORT_BY_ALIGNMENT(.rodata) SORT_BY_ALIGNMENT(.rodata.*) SORT_BY_ALIGNMENT(.constdata) SORT_BY_ALIGNMENT(.constdata.*))
 .rodata.__assertion_failed.str1.4
                0x20034798      0x3e5 ./utilities/fsl_assert.o
                                 0x14 (size before relaxing)
 *fill*         0x20034b7d        0x3 ff
 .rodata.fixed12_data
                0x20034b80      0x474 ./lcd/fonts/fixed12.o
                0x20034b80                fixed12_data
 .rodata.fixed12
                0x20034ff4        0x8 ./lcd/fonts/fixed12.o
                0x20034ff4                fixed12
 .rodata.disp_modes
                0x20034ffc        0x4 ./lcd/lcd_dpy.o
                0x20034ffc                disp_modes
 .rodata.s_ctimerBases
                0x20035000       0x14 ./lcd/lcd_private.o
 .rodata.s_ctimerClocks
                0x20035014        0xa ./lcd/lcd_private.o
 .rodata.CTIMER_GetInstance.str1.4
                0x2003501e       0x2f ./lcd/lcd_private.o
 *fill*         0x2003501e        0x2 ff
 .rodata        0x20035020        0x2 ./lcd/lcd_private.o
 *fill*         0x20035022        0x2 ff
 .rodata.spi_cfg
                0x20035024       0x10 ./lcd/lcd_private.o
                0x20035024                spi_cfg
 .rodata.CLOCK_GetFlexCommInputClock.str1.4
                0x20035034       0x18 ./drivers/fsl_clock.o
 .rodata.CLOCK_GetCTimerClkFreq.str1.4
                0x20035034       0x18 ./drivers/fsl_clock.o
 .rodata.s_ctimerBases
                0x20035034       0x14 ./drivers/fsl_ctimer.o
 .rodata.s_flexcommBaseAddrs
                0x20035048       0x24 ./drivers/fsl_flexcomm.o
 .rodata.s_flexcommClocks
                0x2003506c       0x12 ./drivers/fsl_flexcomm.o
 *fill*         0x2003507e        0x2 ff
 .rodata.s_flexcommResets
                0x20035080       0x24 ./drivers/fsl_flexcomm.o
 .rodata.FLEXCOMM_GetInstance.str1.4
                0x200350a4       0x41 ./drivers/fsl_flexcomm.o
 .rodata.FLEXCOMM0_DriverIRQHandler.str1.4
                0x200350a4       0x3c ./drivers/fsl_flexcomm.o
 .rodata.FLEXCOMM1_DriverIRQHandler.str1.4
                0x200350a4       0x3c ./drivers/fsl_flexcomm.o
 .rodata.FLEXCOMM2_DriverIRQHandler.str1.4
                0x200350a4       0x3c ./drivers/fsl_flexcomm.o
 .rodata.FLEXCOMM3_DriverIRQHandler.str1.4
                0x200350a4       0x3c ./drivers/fsl_flexcomm.o
 .rodata.FLEXCOMM4_DriverIRQHandler.str1.4
                0x200350a4       0x3c ./drivers/fsl_flexcomm.o
 .rodata.FLEXCOMM5_DriverIRQHandler.str1.4
                0x200350a4       0x3c ./drivers/fsl_flexcomm.o
 .rodata.FLEXCOMM6_DriverIRQHandler.str1.4
                0x200350a4       0x3c ./drivers/fsl_flexcomm.o
 .rodata.FLEXCOMM7_DriverIRQHandler.str1.4
                0x200350a4       0x3c ./drivers/fsl_flexcomm.o
 .rodata.FLEXCOMM8_DriverIRQHandler.str1.4
                0x200350a4       0x3c ./drivers/fsl_flexcomm.o
 .rodata.s_gpioClockName
                0x200350a4        0x8 ./drivers/fsl_gpio.o
 .rodata.GPIO_EnablePortClock.str1.4
                0x200350ac       0x33 ./drivers/fsl_gpio.o
 .rodata.RESET_SetPeripheralReset.str1.4
                0x200350ac       0x1e ./drivers/fsl_reset.o
 .rodata.RESET_ClearPeripheralReset.str1.4
                0x200350ac       0x1e ./drivers/fsl_reset.o
 .rodata.USART_WriteBlocking.str1.4
                0x200350ac       0x36 ./drivers/fsl_usart.o
 .rodata.s_UsartAdapterBase
                0x200350ac       0x20 ./component/uart/fsl_adapter_usart.o
 .rodata.HAL_UartSendBlocking.str1.4
                0x200350cc       0x65 ./component/uart/fsl_adapter_usart.o
 .rodata.__num_Ciob_streams
                0x200350cc        0x4 C:/nxp/MCUXpressoIDE_25.6.136/ide/plugins/com.nxp.mcuxpresso.tools.win32_25.6.0.202501151204/tools/bin/../lib/gcc/arm-none-eabi/14.2.1/../../../../arm-none-eabi/lib/thumb/v8-m.main/nofp\libcr_nohost_nf.a(__ciob.o)
                0x200350cc                __num_Ciob_streams
 .rodata._initio.str1.1
                0x200350d0        0x4 C:/nxp/MCUXpressoIDE_25.6.136/ide/plugins/com.nxp.mcuxpresso.tools.win32_25.6.0.202501151204/tools/bin/../lib/gcc/arm-none-eabi/14.2.1/../../../../arm-none-eabi/lib/thumb/v8-m.main/nofp\libcr_c.a(initio.o)
                0x20035134                        . = ALIGN (0x4)

.glue_7         0x200350d4        0x0
 .glue_7        0x200350d4        0x0 linker stubs

.glue_7t        0x200350d4        0x0
 .glue_7t       0x200350d4        0x0 linker stubs

.vfp11_veneer   0x200350d4        0x0
 .vfp11_veneer  0x200350d4        0x0 linker stubs

.v4_bx          0x200350d4        0x0
 .v4_bx         0x200350d4        0x0 linker stubs

.iplt           0x200350d4        0x0
 .iplt          0x200350d4        0x0 ./utilities/str/fsl_str.o

.rel.dyn        0x200350d4        0x0
 .rel.iplt      0x200350d4        0x0 ./utilities/str/fsl_str.o

.ARM.extab
 *(SORT_BY_ALIGNMENT(.ARM.extab*) SORT_BY_ALIGNMENT(.gnu.linkonce.armextab.*))

.ARM.exidx      0x200350d4        0x0
                0x200350d4                        __exidx_start = .
 *(SORT_BY_ALIGNMENT(.ARM.exidx*) SORT_BY_ALIGNMENT(.gnu.linkonce.armexidx.*))
                0x200350d4                        __exidx_end = .
                0x200350d4                        _etext = .

.m_usb_data
 *(SORT_BY_ALIGNMENT(m_usb_global))

.data_RAM2      0x2003c000        0x0 load address 0x200350d4
 FILL mask 0xff
                [!provide]                        PROVIDE (__start_data_RAM2 = .)
                [!provide]                        PROVIDE (__start_data_shmem = .)
 *(SORT_BY_ALIGNMENT(.ramfunc.$RAM2))
 *(SORT_BY_ALIGNMENT(.ramfunc.$shmem))
 *(SORT_BY_ALIGNMENT(.data.$RAM2))
 *(SORT_BY_ALIGNMENT(.data.$shmem))
 *(SORT_BY_ALIGNMENT(.data.$RAM2.*))
 *(SORT_BY_ALIGNMENT(.data.$shmem.*))
                0x2003c000                        . = ALIGN (0x4)
                [!provide]                        PROVIDE (__end_data_RAM2 = .)
                [!provide]                        PROVIDE (__end_data_shmem = .)

.data_RAM3      0x04000000        0x0 load address 0x200350d4
 FILL mask 0xff
                [!provide]                        PROVIDE (__start_data_RAM3 = .)
                [!provide]                        PROVIDE (__start_data_SRAMX = .)
 *(SORT_BY_ALIGNMENT(.ramfunc.$RAM3))
 *(SORT_BY_ALIGNMENT(.ramfunc.$SRAMX))
 *(SORT_BY_ALIGNMENT(.data.$RAM3))
 *(SORT_BY_ALIGNMENT(.data.$SRAMX))
 *(SORT_BY_ALIGNMENT(.data.$RAM3.*))
 *(SORT_BY_ALIGNMENT(.data.$SRAMX.*))
                0x04000000                        . = ALIGN (0x4)
                [!provide]                        PROVIDE (__end_data_RAM3 = .)
                [!provide]                        PROVIDE (__end_data_SRAMX = .)

.data_RAM4      0x40100000        0x0 load address 0x200350d4
 FILL mask 0xff
                [!provide]                        PROVIDE (__start_data_RAM4 = .)
                [!provide]                        PROVIDE (__start_data_USB_RAM = .)
 *(SORT_BY_ALIGNMENT(.ramfunc.$RAM4))
 *(SORT_BY_ALIGNMENT(.ramfunc.$USB_RAM))
 *(SORT_BY_ALIGNMENT(.data.$RAM4))
 *(SORT_BY_ALIGNMENT(.data.$USB_RAM))
 *(SORT_BY_ALIGNMENT(.data.$RAM4.*))
 *(SORT_BY_ALIGNMENT(.data.$USB_RAM.*))
                0x40100000                        . = ALIGN (0x4)
                [!provide]                        PROVIDE (__end_data_RAM4 = .)
                [!provide]                        PROVIDE (__end_data_USB_RAM = .)

.data_RAM5      0x20040000        0x0 load address 0x200350d4
 FILL mask 0xff
                [!provide]                        PROVIDE (__start_data_RAM5 = .)
                [!provide]                        PROVIDE (__start_data_SRAM4 = .)
 *(SORT_BY_ALIGNMENT(.ramfunc.$RAM5))
 *(SORT_BY_ALIGNMENT(.ramfunc.$SRAM4))
 *(SORT_BY_ALIGNMENT(.data.$RAM5))
 *(SORT_BY_ALIGNMENT(.data.$SRAM4))
 *(SORT_BY_ALIGNMENT(.data.$RAM5.*))
 *(SORT_BY_ALIGNMENT(.data.$SRAM4.*))
                0x20040000                        . = ALIGN (0x4)
                [!provide]                        PROVIDE (__end_data_RAM5 = .)
                [!provide]                        PROVIDE (__end_data_SRAM4 = .)

.uninit_RESERVED
                0x200350d4        0x0
                0x200350d4                        _start_uninit_RESERVED = .
 *(SORT_BY_ALIGNMENT(.bss.$RESERVED*))
                0x200350d4                        . = ALIGN (0x4)
                0x200350d4                        _end_uninit_RESERVED = .

.data           0x200350d4       0x40
 FILL mask 0xff
                0x200350d4                        _data = .
                [!provide]                        PROVIDE (__start_data_RAM = .)
                [!provide]                        PROVIDE (__start_data_SRAM = .)
 *(SORT_BY_ALIGNMENT(vtable))
 *(SORT_BY_ALIGNMENT(.ramfunc*))
 *(SORT_BY_ALIGNMENT(CodeQuickAccess))
 *(SORT_BY_ALIGNMENT(DataQuickAccess))
 *(SORT_BY_ALIGNMENT(RamFunction))
 *(SORT_BY_ALIGNMENT(.data*))
 .data.shdata   0x200350d4        0x4 ./source/main_core1.o
                0x200350d4                shdata
 .data.pool     0x200350d8        0x4 ./source/main_core1.o
                0x200350d8                pool
 .data.disp     0x200350dc       0x30 ./lcd/lcd.o
                0x200350dc                disp
 .data.lcd_cur.0
                0x2003510c        0x4 ./lcd/lcd.o
 .data.s_Ext_Clk_Freq
                0x20035110        0x4 ./drivers/fsl_clock.o
                0x20035114                        . = ALIGN (0x4)
                0x20035114                        _edata = .
                [!provide]                        PROVIDE (__end_data_RAM = .)
                [!provide]                        PROVIDE (__end_data_SRAM = .)

.igot.plt       0x20035114        0x0
 .igot.plt      0x20035114        0x0 ./utilities/str/fsl_str.o

.bss_RAM2       0x2003c000        0x0
                [!provide]                        PROVIDE (__start_bss_RAM2 = .)
                [!provide]                        PROVIDE (__start_bss_shmem = .)
 *(SORT_BY_ALIGNMENT(.bss.$RAM2))
 *(SORT_BY_ALIGNMENT(.bss.$shmem))
 *(SORT_BY_ALIGNMENT(.bss.$RAM2.*))
 *(SORT_BY_ALIGNMENT(.bss.$shmem.*))
                0x2003c000                        . = ALIGN ((. != 0x0)?0x4:0x1)
                [!provide]                        PROVIDE (__end_bss_RAM2 = .)
                [!provide]                        PROVIDE (__end_bss_shmem = .)

.bss_RAM3       0x04000000        0x0
                [!provide]                        PROVIDE (__start_bss_RAM3 = .)
                [!provide]                        PROVIDE (__start_bss_SRAMX = .)
 *(SORT_BY_ALIGNMENT(.bss.$RAM3))
 *(SORT_BY_ALIGNMENT(.bss.$SRAMX))
 *(SORT_BY_ALIGNMENT(.bss.$RAM3.*))
 *(SORT_BY_ALIGNMENT(.bss.$SRAMX.*))
                0x04000000                        . = ALIGN ((. != 0x0)?0x4:0x1)
                [!provide]                        PROVIDE (__end_bss_RAM3 = .)
                [!provide]                        PROVIDE (__end_bss_SRAMX = .)

.bss_RAM4       0x40100000        0x0
                [!provide]                        PROVIDE (__start_bss_RAM4 = .)
                [!provide]                        PROVIDE (__start_bss_USB_RAM = .)
 *(SORT_BY_ALIGNMENT(.bss.$RAM4))
 *(SORT_BY_ALIGNMENT(.bss.$USB_RAM))
 *(SORT_BY_ALIGNMENT(.bss.$RAM4.*))
 *(SORT_BY_ALIGNMENT(.bss.$USB_RAM.*))
                0x40100000                        . = ALIGN ((. != 0x0)?0x4:0x1)
                [!provide]                        PROVIDE (__end_bss_RAM4 = .)
                [!provide]                        PROVIDE (__end_bss_USB_RAM = .)

.bss_RAM5       0x20040000        0x0
                [!provide]                        PROVIDE (__start_bss_RAM5 = .)
                [!provide]                        PROVIDE (__start_bss_SRAM4 = .)
 *(SORT_BY_ALIGNMENT(.bss.$RAM5))
 *(SORT_BY_ALIGNMENT(.bss.$SRAM4))
 *(SORT_BY_ALIGNMENT(.bss.$RAM5.*))
 *(SORT_BY_ALIGNMENT(.bss.$SRAM4.*))
                0x20040000                        . = ALIGN ((. != 0x0)?0x4:0x1)
                [!provide]                        PROVIDE (__end_bss_RAM5 = .)
                [!provide]                        PROVIDE (__end_bss_SRAM4 = .)

.bss            0x20035114      0x350
                0x20035114                        _bss = .
                [!provide]                        PROVIDE (__start_bss_RAM = .)
                [!provide]                        PROVIDE (__start_bss_SRAM = .)
 *(SORT_BY_ALIGNMENT(.bss*))
 .bss.s_debugConsoleState
                0x20035114       0x20 ./utilities/debug_console/fsl_debug_console.o
 .bss.g_serialHandle
                0x20035134        0x4 ./utilities/debug_console/fsl_debug_console.o
                0x20035134                g_serialHandle
 .bss.evq       0x20035138      0x1e0 ./source/main_core1.o
                0x20035138                evq
 .bss.evq_rd    0x20035318        0x4 ./source/main_core1.o
                0x20035318                evq_rd
 .bss.evq_wr    0x2003531c        0x4 ./source/main_core1.o
                0x2003531c                evq_wr
 .bss.xlc       0x20035320        0x4 ./lcd/lcd_dpy.o
 .bss.ytc       0x20035324        0x4 ./lcd/lcd_dpy.o
 .bss.xrc       0x20035328        0x4 ./lcd/lcd_dpy.o
 .bss.ybc       0x2003532c        0x4 ./lcd/lcd_dpy.o
 .bss.clipped   0x20035330        0x4 ./lcd/lcd_dpy.o
 .bss.s_Pll0_Freq
                0x20035334        0x4 ./drivers/fsl_clock.o
 .bss.s_Pll1_Freq
                0x20035338        0x4 ./drivers/fsl_clock.o
 .bss.s_I2S_Mclk_Freq
                0x2003533c        0x4 ./drivers/fsl_clock.o
 .bss.s_ctimerCallback
                0x20035340       0x14 ./drivers/fsl_ctimer.o
 .bss.ctimerCallbackType
                0x20035354        0x5 ./drivers/fsl_ctimer.o
 *fill*         0x20035359        0x3 
 .bss.s_flexcommIrqHandler
                0x2003535c       0x24 ./drivers/fsl_flexcomm.o
 .bss.s_flexcommHandle
                0x20035380       0x24 ./drivers/fsl_flexcomm.o
 .bss.errno     0x200353a4        0x4 C:/nxp/MCUXpressoIDE_25.6.136/ide/plugins/com.nxp.mcuxpresso.tools.win32_25.6.0.202501151204/tools/bin/../lib/gcc/arm-none-eabi/14.2.1/../../../../arm-none-eabi/lib/thumb/v8-m.main/nofp\libcr_c.a(errno.o)
                0x200353a4                errno
 .bss.__end_of_heap
                0x200353a8        0x4 C:/nxp/MCUXpressoIDE_25.6.136/ide/plugins/com.nxp.mcuxpresso.tools.win32_25.6.0.202501151204/tools/bin/../lib/gcc/arm-none-eabi/14.2.1/../../../../arm-none-eabi/lib/thumb/v8-m.main/nofp\libcr_c.a(__init_alloc.o)
                0x200353a8                __end_of_heap
 .bss.__heaps   0x200353ac        0x4 C:/nxp/MCUXpressoIDE_25.6.136/ide/plugins/com.nxp.mcuxpresso.tools.win32_25.6.0.202501151204/tools/bin/../lib/gcc/arm-none-eabi/14.2.1/../../../../arm-none-eabi/lib/thumb/v8-m.main/nofp\libcr_c.a(__init_alloc.o)
                0x200353ac                __heaps
 .bss.__Ciob    0x200353b0       0xb4 C:/nxp/MCUXpressoIDE_25.6.136/ide/plugins/com.nxp.mcuxpresso.tools.win32_25.6.0.202501151204/tools/bin/../lib/gcc/arm-none-eabi/14.2.1/../../../../arm-none-eabi/lib/thumb/v8-m.main/nofp\libcr_nohost_nf.a(__ciob.o)
                0x200353b0                __Ciob
 *(SORT_BY_ALIGNMENT(COMMON))
                0x20035464                        . = ALIGN (0x4)
                0x20035464                        _ebss = .
                [!provide]                        PROVIDE (__end_bss_RAM = .)
                [!provide]                        PROVIDE (__end_bss_SRAM = .)
                [!provide]                        PROVIDE (end = .)

.noinit_RAM2    0x2003c000        0x0
                [!provide]                        PROVIDE (__start_noinit_RAM2 = .)
                0x2003c000                        PROVIDE (__start_noinit_shmem = .)
 *(SORT_BY_ALIGNMENT(.noinit.$RAM2))
 *(SORT_BY_ALIGNMENT(.noinit.$shmem))
 *(SORT_BY_ALIGNMENT(.noinit.$RAM2.*))
 *(SORT_BY_ALIGNMENT(.noinit.$shmem.*))
                0x2003c000                        . = ALIGN (0x4)
                [!provide]                        PROVIDE (__end_noinit_RAM2 = .)
                [!provide]                        PROVIDE (__end_noinit_shmem = .)

.noinit_RAM3    0x04000000        0x0
                [!provide]                        PROVIDE (__start_noinit_RAM3 = .)
                [!provide]                        PROVIDE (__start_noinit_SRAMX = .)
 *(SORT_BY_ALIGNMENT(.noinit.$RAM3))
 *(SORT_BY_ALIGNMENT(.noinit.$SRAMX))
 *(SORT_BY_ALIGNMENT(.noinit.$RAM3.*))
 *(SORT_BY_ALIGNMENT(.noinit.$SRAMX.*))
                0x04000000                        . = ALIGN (0x4)
                [!provide]                        PROVIDE (__end_noinit_RAM3 = .)
                [!provide]                        PROVIDE (__end_noinit_SRAMX = .)

.noinit_RAM4    0x40100000        0x0
                [!provide]                        PROVIDE (__start_noinit_RAM4 = .)
                [!provide]                        PROVIDE (__start_noinit_USB_RAM = .)
 *(SORT_BY_ALIGNMENT(.noinit.$RAM4))
 *(SORT_BY_ALIGNMENT(.noinit.$USB_RAM))
 *(SORT_BY_ALIGNMENT(.noinit.$RAM4.*))
 *(SORT_BY_ALIGNMENT(.noinit.$USB_RAM.*))
                0x40100000                        . = ALIGN (0x4)
                [!provide]                        PROVIDE (__end_noinit_RAM4 = .)
                [!provide]                        PROVIDE (__end_noinit_USB_RAM = .)

.noinit_RAM5    0x20040000        0x0
                [!provide]                        PROVIDE (__start_noinit_RAM5 = .)
                [!provide]                        PROVIDE (__start_noinit_SRAM4 = .)
 *(SORT_BY_ALIGNMENT(.noinit.$RAM5))
 *(SORT_BY_ALIGNMENT(.noinit.$SRAM4))
 *(SORT_BY_ALIGNMENT(.noinit.$RAM5.*))
 *(SORT_BY_ALIGNMENT(.noinit.$SRAM4.*))
                0x20040000                        . = ALIGN (0x4)
                [!provide]                        PROVIDE (__end_noinit_RAM5 = .)
                [!provide]                        PROVIDE (__end_noinit_SRAM4 = .)

.noinit         0x20035464        0x0
                0x20035464                        _noinit = .
                [!provide]                        PROVIDE (__start_noinit_RAM = .)
                [!provide]                        PROVIDE (__start_noinit_SRAM = .)
 *(SORT_BY_ALIGNMENT(.noinit*))
                0x20035464                        . = ALIGN (0x4)
                0x20035464                        _end_noinit = .
                [!provide]                        PROVIDE (__end_noinit_RAM = .)
                [!provide]                        PROVIDE (__end_noinit_SRAM = .)
                0x00000c00                        _HeapSize = 0xc00

.heap           0x20035464      0xc00
                0x20035464                        _pvHeapStart = .
                0x20036064                        . = (. + _HeapSize)
 *fill*         0x20035464      0xc00 
                0x20036064                        . = ALIGN (0x4)
                0x20036064                        _pvHeapLimit = .
                0x00000c00                        _StackSize = 0xc00

.heap2stackfill
                0x20036064      0xc00
                0x20036c64                        . = (. + _StackSize)
 *fill*         0x20036064      0xc00 

.stack          0x2003b400        0x0
                0x2003b400                        _vStackBase = .
                0x2003b400                        . = ALIGN (0x4)
                0x2003c000                        _vStackTop = (. + _StackSize)
                0x20030000                        _image_start = LOADADDR (.text)
                0x20035114                        _image_end = (LOADADDR (.data) + SIZEOF (.data))
                0x00005114                        _image_size = (_image_end - _image_start)
OUTPUT(lpc55s69_calc_starter_core1.axf elf32-littlearm)
LOAD linker stubs

.debug_info     0x00000000    0x19f4d
 .debug_info    0x00000000      0xd5d ./utilities/str/fsl_str.o
 .debug_info    0x00000d5d      0xea7 ./utilities/debug_console/fsl_debug_console.o
 .debug_info    0x00001c04      0x1c9 ./utilities/fsl_assert.o
 .debug_info    0x00001dcd      0x9c8 ./startup/startup_lpc55s69_cm33_core1.o
 .debug_info    0x00002795     0x136e ./source/main_core1.o
 .debug_info    0x00003b03       0x3c ./source/semihost_hardfault.o
 .debug_info    0x00003b3f      0x114 ./lcd/fonts/fixed12.o
 .debug_info    0x00003c53      0xac2 ./lcd/lcd.o
 .debug_info    0x00004715     0x1a1a ./lcd/lcd_dpy.o
 .debug_info    0x0000612f     0x1ffc ./lcd/lcd_private.o
 .debug_info    0x0000812b      0xad7 ./lcd/lcd_ts.o
 .debug_info    0x00008c02     0x3367 ./drivers/fsl_clock.o
 .debug_info    0x0000bf69     0x22c6 ./drivers/fsl_ctimer.o
 .debug_info    0x0000e22f     0x1af1 ./drivers/fsl_flexcomm.o
 .debug_info    0x0000fd20     0x178c ./drivers/fsl_gpio.o
 .debug_info    0x000114ac      0xe94 ./drivers/fsl_reset.o
 .debug_info    0x00012340     0x19d3 ./drivers/fsl_usart.o
 .debug_info    0x00013d13     0x144b ./device/system_LPC55S69_cm33_core1.o
 .debug_info    0x0001515e      0xd86 ./component/uart/fsl_adapter_usart.o
 .debug_info    0x00015ee4      0xe1b ./component/serial_manager/fsl_component_serial_manager.o
 .debug_info    0x00016cff      0x551 ./component/serial_manager/fsl_component_serial_port_uart.o
 .debug_info    0x00017250       0x85 C:/nxp/MCUXpressoIDE_25.6.136/ide/plugins/com.nxp.mcuxpresso.tools.win32_25.6.0.202501151204/tools/bin/../lib/gcc/arm-none-eabi/14.2.1/../../../../arm-none-eabi/lib/thumb/v8-m.main/nofp\libcr_nohost_nf.a(_cr__main.o)
 .debug_info    0x000172d5      0x12b C:/nxp/MCUXpressoIDE_25.6.136/ide/plugins/com.nxp.mcuxpresso.tools.win32_25.6.0.202501151204/tools/bin/../lib/gcc/arm-none-eabi/14.2.1/../../../../arm-none-eabi/lib/thumb/v8-m.main/nofp\libcr_c.a(memcpy.o)
 .debug_info    0x00017400       0xfc C:/nxp/MCUXpressoIDE_25.6.136/ide/plugins/com.nxp.mcuxpresso.tools.win32_25.6.0.202501151204/tools/bin/../lib/gcc/arm-none-eabi/14.2.1/../../../../arm-none-eabi/lib/thumb/v8-m.main/nofp\libcr_c.a(memset.o)
 .debug_info    0x000174fc      0x520 C:/nxp/MCUXpressoIDE_25.6.136/ide/plugins/com.nxp.mcuxpresso.tools.win32_25.6.0.202501151204/tools/bin/../lib/gcc/arm-none-eabi/14.2.1/../../../../arm-none-eabi/lib/thumb/v8-m.main/nofp\libcr_c.a(alloc.o)
 .debug_info    0x00017a1c       0x44 C:/nxp/MCUXpressoIDE_25.6.136/ide/plugins/com.nxp.mcuxpresso.tools.win32_25.6.0.202501151204/tools/bin/../lib/gcc/arm-none-eabi/14.2.1/../../../../arm-none-eabi/lib/thumb/v8-m.main/nofp\libcr_c.a(errno.o)
 .debug_info    0x00017a60      0x339 C:/nxp/MCUXpressoIDE_25.6.136/ide/plugins/com.nxp.mcuxpresso.tools.win32_25.6.0.202501151204/tools/bin/../lib/gcc/arm-none-eabi/14.2.1/../../../../arm-none-eabi/lib/thumb/v8-m.main/nofp\libcr_c.a(initio.o)
 .debug_info    0x00017d99      0x1fd C:/nxp/MCUXpressoIDE_25.6.136/ide/plugins/com.nxp.mcuxpresso.tools.win32_25.6.0.202501151204/tools/bin/../lib/gcc/arm-none-eabi/14.2.1/../../../../arm-none-eabi/lib/thumb/v8-m.main/nofp\libcr_c.a(setvbuf.o)
 .debug_info    0x00017f96       0xe1 C:/nxp/MCUXpressoIDE_25.6.136/ide/plugins/com.nxp.mcuxpresso.tools.win32_25.6.0.202501151204/tools/bin/../lib/gcc/arm-none-eabi/14.2.1/../../../../arm-none-eabi/lib/thumb/v8-m.main/nofp\libcr_c.a(strlen.o)
 .debug_info    0x00018077       0xd4 C:/nxp/MCUXpressoIDE_25.6.136/ide/plugins/com.nxp.mcuxpresso.tools.win32_25.6.0.202501151204/tools/bin/../lib/gcc/arm-none-eabi/14.2.1/../../../../arm-none-eabi/lib/thumb/v8-m.main/nofp\libcr_c.a(__init_alloc.o)
 .debug_info    0x0001814b      0x107 C:/nxp/MCUXpressoIDE_25.6.136/ide/plugins/com.nxp.mcuxpresso.tools.win32_25.6.0.202501151204/tools/bin/../lib/gcc/arm-none-eabi/14.2.1/../../../../arm-none-eabi/lib/thumb/v8-m.main/nofp\libcr_c.a(_cr_sbrk.o)
 .debug_info    0x00018252      0x396 C:/nxp/MCUXpressoIDE_25.6.136/ide/plugins/com.nxp.mcuxpresso.tools.win32_25.6.0.202501151204/tools/bin/../lib/gcc/arm-none-eabi/14.2.1/../../../../arm-none-eabi/lib/thumb/v8-m.main/nofp\libcr_c.a(_deferredlazyseek.o)
 .debug_info    0x000185e8      0x24b C:/nxp/MCUXpressoIDE_25.6.136/ide/plugins/com.nxp.mcuxpresso.tools.win32_25.6.0.202501151204/tools/bin/../lib/gcc/arm-none-eabi/14.2.1/../../../../arm-none-eabi/lib/thumb/v8-m.main/nofp\libcr_c.a(_fdopen.o)
 .debug_info    0x00018833      0x1e3 C:/nxp/MCUXpressoIDE_25.6.136/ide/plugins/com.nxp.mcuxpresso.tools.win32_25.6.0.202501151204/tools/bin/../lib/gcc/arm-none-eabi/14.2.1/../../../../arm-none-eabi/lib/thumb/v8-m.main/nofp\libcr_c.a(_fflush.o)
 .debug_info    0x00018a16      0x289 C:/nxp/MCUXpressoIDE_25.6.136/ide/plugins/com.nxp.mcuxpresso.tools.win32_25.6.0.202501151204/tools/bin/../lib/gcc/arm-none-eabi/14.2.1/../../../../arm-none-eabi/lib/thumb/v8-m.main/nofp\libcr_c.a(_writebuf.o)
 .debug_info    0x00018c9f      0x31e C:/nxp/MCUXpressoIDE_25.6.136/ide/plugins/com.nxp.mcuxpresso.tools.win32_25.6.0.202501151204/tools/bin/../lib/gcc/arm-none-eabi/14.2.1/../../../../arm-none-eabi/lib/thumb/v8-m.main/nofp\libcr_c.a(fclose.o)
 .debug_info    0x00018fbd      0x209 C:/nxp/MCUXpressoIDE_25.6.136/ide/plugins/com.nxp.mcuxpresso.tools.win32_25.6.0.202501151204/tools/bin/../lib/gcc/arm-none-eabi/14.2.1/../../../../arm-none-eabi/lib/thumb/v8-m.main/nofp\libcr_c.a(fflush.o)
 .debug_info    0x000191c6      0x276 C:/nxp/MCUXpressoIDE_25.6.136/ide/plugins/com.nxp.mcuxpresso.tools.win32_25.6.0.202501151204/tools/bin/../lib/gcc/arm-none-eabi/14.2.1/../../../../arm-none-eabi/lib/thumb/v8-m.main/nofp\libcr_c.a(fseek.o)
 .debug_info    0x0001943c      0x197 C:/nxp/MCUXpressoIDE_25.6.136/ide/plugins/com.nxp.mcuxpresso.tools.win32_25.6.0.202501151204/tools/bin/../lib/gcc/arm-none-eabi/14.2.1/../../../../arm-none-eabi/lib/thumb/v8-m.main/nofp\libcr_c.a(ftell.o)
 .debug_info    0x000195d3      0x1d7 C:/nxp/MCUXpressoIDE_25.6.136/ide/plugins/com.nxp.mcuxpresso.tools.win32_25.6.0.202501151204/tools/bin/../lib/gcc/arm-none-eabi/14.2.1/../../../../arm-none-eabi/lib/thumb/v8-m.main/nofp\libcr_c.a(remove.o)
 .debug_info    0x000197aa       0x78 C:/nxp/MCUXpressoIDE_25.6.136/ide/plugins/com.nxp.mcuxpresso.tools.win32_25.6.0.202501151204/tools/bin/../lib/gcc/arm-none-eabi/14.2.1/../../../../arm-none-eabi/lib/thumb/v8-m.main/nofp\libcr_c.a(_cr_check_heap.o)
 .debug_info    0x00019822      0x23a C:/nxp/MCUXpressoIDE_25.6.136/ide/plugins/com.nxp.mcuxpresso.tools.win32_25.6.0.202501151204/tools/bin/../lib/gcc/arm-none-eabi/14.2.1/../../../../arm-none-eabi/lib/thumb/v8-m.main/nofp\libcr_c.a(_do_fflush.o)
 .debug_info    0x00019a5c      0x18b C:/nxp/MCUXpressoIDE_25.6.136/ide/plugins/com.nxp.mcuxpresso.tools.win32_25.6.0.202501151204/tools/bin/../lib/gcc/arm-none-eabi/14.2.1/../../../../arm-none-eabi/lib/thumb/v8-m.main/nofp\libcr_nohost_nf.a(__ciob.o)
 .debug_info    0x00019be7       0x6a C:/nxp/MCUXpressoIDE_25.6.136/ide/plugins/com.nxp.mcuxpresso.tools.win32_25.6.0.202501151204/tools/bin/../lib/gcc/arm-none-eabi/14.2.1/../../../../arm-none-eabi/lib/thumb/v8-m.main/nofp\libcr_nohost_nf.a(__sys_close.o)
 .debug_info    0x00019c51       0x6a C:/nxp/MCUXpressoIDE_25.6.136/ide/plugins/com.nxp.mcuxpresso.tools.win32_25.6.0.202501151204/tools/bin/../lib/gcc/arm-none-eabi/14.2.1/../../../../arm-none-eabi/lib/thumb/v8-m.main/nofp\libcr_nohost_nf.a(__sys_flen.o)
 .debug_info    0x00019cbb       0x6a C:/nxp/MCUXpressoIDE_25.6.136/ide/plugins/com.nxp.mcuxpresso.tools.win32_25.6.0.202501151204/tools/bin/../lib/gcc/arm-none-eabi/14.2.1/../../../../arm-none-eabi/lib/thumb/v8-m.main/nofp\libcr_nohost_nf.a(__sys_istty.o)
 .debug_info    0x00019d25       0x8a C:/nxp/MCUXpressoIDE_25.6.136/ide/plugins/com.nxp.mcuxpresso.tools.win32_25.6.0.202501151204/tools/bin/../lib/gcc/arm-none-eabi/14.2.1/../../../../arm-none-eabi/lib/thumb/v8-m.main/nofp\libcr_nohost_nf.a(__sys_remove.o)
 .debug_info    0x00019daf       0x78 C:/nxp/MCUXpressoIDE_25.6.136/ide/plugins/com.nxp.mcuxpresso.tools.win32_25.6.0.202501151204/tools/bin/../lib/gcc/arm-none-eabi/14.2.1/../../../../arm-none-eabi/lib/thumb/v8-m.main/nofp\libcr_nohost_nf.a(__sys_seek.o)
 .debug_info    0x00019e27       0x93 C:/nxp/MCUXpressoIDE_25.6.136/ide/plugins/com.nxp.mcuxpresso.tools.win32_25.6.0.202501151204/tools/bin/../lib/gcc/arm-none-eabi/14.2.1/../../../../arm-none-eabi/lib/thumb/v8-m.main/nofp\libcr_nohost_nf.a(__sys_tmpnam.o)
 .debug_info    0x00019eba       0x93 C:/nxp/MCUXpressoIDE_25.6.136/ide/plugins/com.nxp.mcuxpresso.tools.win32_25.6.0.202501151204/tools/bin/../lib/gcc/arm-none-eabi/14.2.1/../../../../arm-none-eabi/lib/thumb/v8-m.main/nofp\libcr_nohost_nf.a(__sys_write.o)

.debug_abbrev   0x00000000     0x4a09
 .debug_abbrev  0x00000000      0x270 ./utilities/str/fsl_str.o
 .debug_abbrev  0x00000270      0x270 ./utilities/debug_console/fsl_debug_console.o
 .debug_abbrev  0x000004e0      0x114 ./utilities/fsl_assert.o
 .debug_abbrev  0x000005f4      0x147 ./startup/startup_lpc55s69_cm33_core1.o
 .debug_abbrev  0x0000073b      0x36a ./source/main_core1.o
 .debug_abbrev  0x00000aa5       0x31 ./source/semihost_hardfault.o
 .debug_abbrev  0x00000ad6       0xb1 ./lcd/fonts/fixed12.o
 .debug_abbrev  0x00000b87      0x20e ./lcd/lcd.o
 .debug_abbrev  0x00000d95      0x37d ./lcd/lcd_dpy.o
 .debug_abbrev  0x00001112      0x363 ./lcd/lcd_private.o
 .debug_abbrev  0x00001475      0x223 ./lcd/lcd_ts.o
 .debug_abbrev  0x00001698      0x3cd ./drivers/fsl_clock.o
 .debug_abbrev  0x00001a65      0x3f0 ./drivers/fsl_ctimer.o
 .debug_abbrev  0x00001e55      0x2d2 ./drivers/fsl_flexcomm.o
 .debug_abbrev  0x00002127      0x247 ./drivers/fsl_gpio.o
 .debug_abbrev  0x0000236e      0x196 ./drivers/fsl_reset.o
 .debug_abbrev  0x00002504      0x409 ./drivers/fsl_usart.o
 .debug_abbrev  0x0000290d      0x237 ./device/system_LPC55S69_cm33_core1.o
 .debug_abbrev  0x00002b44      0x229 ./component/uart/fsl_adapter_usart.o
 .debug_abbrev  0x00002d6d      0x2be ./component/serial_manager/fsl_component_serial_manager.o
 .debug_abbrev  0x0000302b      0x18c ./component/serial_manager/fsl_component_serial_port_uart.o
 .debug_abbrev  0x000031b7       0x70 C:/nxp/MCUXpressoIDE_25.6.136/ide/plugins/com.nxp.mcuxpresso.tools.win32_25.6.0.202501151204/tools/bin/../lib/gcc/arm-none-eabi/14.2.1/../../../../arm-none-eabi/lib/thumb/v8-m.main/nofp\libcr_nohost_nf.a(_cr__main.o)
 .debug_abbrev  0x00003227       0xb6 C:/nxp/MCUXpressoIDE_25.6.136/ide/plugins/com.nxp.mcuxpresso.tools.win32_25.6.0.202501151204/tools/bin/../lib/gcc/arm-none-eabi/14.2.1/../../../../arm-none-eabi/lib/thumb/v8-m.main/nofp\libcr_c.a(memcpy.o)
 .debug_abbrev  0x000032dd       0xa8 C:/nxp/MCUXpressoIDE_25.6.136/ide/plugins/com.nxp.mcuxpresso.tools.win32_25.6.0.202501151204/tools/bin/../lib/gcc/arm-none-eabi/14.2.1/../../../../arm-none-eabi/lib/thumb/v8-m.main/nofp\libcr_c.a(memset.o)
 .debug_abbrev  0x00003385      0x284 C:/nxp/MCUXpressoIDE_25.6.136/ide/plugins/com.nxp.mcuxpresso.tools.win32_25.6.0.202501151204/tools/bin/../lib/gcc/arm-none-eabi/14.2.1/../../../../arm-none-eabi/lib/thumb/v8-m.main/nofp\libcr_c.a(alloc.o)
 .debug_abbrev  0x00003609       0x44 C:/nxp/MCUXpressoIDE_25.6.136/ide/plugins/com.nxp.mcuxpresso.tools.win32_25.6.0.202501151204/tools/bin/../lib/gcc/arm-none-eabi/14.2.1/../../../../arm-none-eabi/lib/thumb/v8-m.main/nofp\libcr_c.a(errno.o)
 .debug_abbrev  0x0000364d      0x169 C:/nxp/MCUXpressoIDE_25.6.136/ide/plugins/com.nxp.mcuxpresso.tools.win32_25.6.0.202501151204/tools/bin/../lib/gcc/arm-none-eabi/14.2.1/../../../../arm-none-eabi/lib/thumb/v8-m.main/nofp\libcr_c.a(initio.o)
 .debug_abbrev  0x000037b6       0xe1 C:/nxp/MCUXpressoIDE_25.6.136/ide/plugins/com.nxp.mcuxpresso.tools.win32_25.6.0.202501151204/tools/bin/../lib/gcc/arm-none-eabi/14.2.1/../../../../arm-none-eabi/lib/thumb/v8-m.main/nofp\libcr_c.a(setvbuf.o)
 .debug_abbrev  0x00003897       0xa7 C:/nxp/MCUXpressoIDE_25.6.136/ide/plugins/com.nxp.mcuxpresso.tools.win32_25.6.0.202501151204/tools/bin/../lib/gcc/arm-none-eabi/14.2.1/../../../../arm-none-eabi/lib/thumb/v8-m.main/nofp\libcr_c.a(strlen.o)
 .debug_abbrev  0x0000393e       0xaf C:/nxp/MCUXpressoIDE_25.6.136/ide/plugins/com.nxp.mcuxpresso.tools.win32_25.6.0.202501151204/tools/bin/../lib/gcc/arm-none-eabi/14.2.1/../../../../arm-none-eabi/lib/thumb/v8-m.main/nofp\libcr_c.a(__init_alloc.o)
 .debug_abbrev  0x000039ed       0xd3 C:/nxp/MCUXpressoIDE_25.6.136/ide/plugins/com.nxp.mcuxpresso.tools.win32_25.6.0.202501151204/tools/bin/../lib/gcc/arm-none-eabi/14.2.1/../../../../arm-none-eabi/lib/thumb/v8-m.main/nofp\libcr_c.a(_cr_sbrk.o)
 .debug_abbrev  0x00003ac0      0x18e C:/nxp/MCUXpressoIDE_25.6.136/ide/plugins/com.nxp.mcuxpresso.tools.win32_25.6.0.202501151204/tools/bin/../lib/gcc/arm-none-eabi/14.2.1/../../../../arm-none-eabi/lib/thumb/v8-m.main/nofp\libcr_c.a(_deferredlazyseek.o)
 .debug_abbrev  0x00003c4e      0x119 C:/nxp/MCUXpressoIDE_25.6.136/ide/plugins/com.nxp.mcuxpresso.tools.win32_25.6.0.202501151204/tools/bin/../lib/gcc/arm-none-eabi/14.2.1/../../../../arm-none-eabi/lib/thumb/v8-m.main/nofp\libcr_c.a(_fdopen.o)
 .debug_abbrev  0x00003d67       0xf1 C:/nxp/MCUXpressoIDE_25.6.136/ide/plugins/com.nxp.mcuxpresso.tools.win32_25.6.0.202501151204/tools/bin/../lib/gcc/arm-none-eabi/14.2.1/../../../../arm-none-eabi/lib/thumb/v8-m.main/nofp\libcr_c.a(_fflush.o)
 .debug_abbrev  0x00003e58      0x126 C:/nxp/MCUXpressoIDE_25.6.136/ide/plugins/com.nxp.mcuxpresso.tools.win32_25.6.0.202501151204/tools/bin/../lib/gcc/arm-none-eabi/14.2.1/../../../../arm-none-eabi/lib/thumb/v8-m.main/nofp\libcr_c.a(_writebuf.o)
 .debug_abbrev  0x00003f7e      0x158 C:/nxp/MCUXpressoIDE_25.6.136/ide/plugins/com.nxp.mcuxpresso.tools.win32_25.6.0.202501151204/tools/bin/../lib/gcc/arm-none-eabi/14.2.1/../../../../arm-none-eabi/lib/thumb/v8-m.main/nofp\libcr_c.a(fclose.o)
 .debug_abbrev  0x000040d6      0x125 C:/nxp/MCUXpressoIDE_25.6.136/ide/plugins/com.nxp.mcuxpresso.tools.win32_25.6.0.202501151204/tools/bin/../lib/gcc/arm-none-eabi/14.2.1/../../../../arm-none-eabi/lib/thumb/v8-m.main/nofp\libcr_c.a(fflush.o)
 .debug_abbrev  0x000041fb      0x11b C:/nxp/MCUXpressoIDE_25.6.136/ide/plugins/com.nxp.mcuxpresso.tools.win32_25.6.0.202501151204/tools/bin/../lib/gcc/arm-none-eabi/14.2.1/../../../../arm-none-eabi/lib/thumb/v8-m.main/nofp\libcr_c.a(fseek.o)
 .debug_abbrev  0x00004316       0xc2 C:/nxp/MCUXpressoIDE_25.6.136/ide/plugins/com.nxp.mcuxpresso.tools.win32_25.6.0.202501151204/tools/bin/../lib/gcc/arm-none-eabi/14.2.1/../../../../arm-none-eabi/lib/thumb/v8-m.main/nofp\libcr_c.a(ftell.o)
 .debug_abbrev  0x000043d8       0xfb C:/nxp/MCUXpressoIDE_25.6.136/ide/plugins/com.nxp.mcuxpresso.tools.win32_25.6.0.202501151204/tools/bin/../lib/gcc/arm-none-eabi/14.2.1/../../../../arm-none-eabi/lib/thumb/v8-m.main/nofp\libcr_c.a(remove.o)
 .debug_abbrev  0x000044d3       0x6b C:/nxp/MCUXpressoIDE_25.6.136/ide/plugins/com.nxp.mcuxpresso.tools.win32_25.6.0.202501151204/tools/bin/../lib/gcc/arm-none-eabi/14.2.1/../../../../arm-none-eabi/lib/thumb/v8-m.main/nofp\libcr_c.a(_cr_check_heap.o)
 .debug_abbrev  0x0000453e      0x12c C:/nxp/MCUXpressoIDE_25.6.136/ide/plugins/com.nxp.mcuxpresso.tools.win32_25.6.0.202501151204/tools/bin/../lib/gcc/arm-none-eabi/14.2.1/../../../../arm-none-eabi/lib/thumb/v8-m.main/nofp\libcr_c.a(_do_fflush.o)
 .debug_abbrev  0x0000466a       0xb5 C:/nxp/MCUXpressoIDE_25.6.136/ide/plugins/com.nxp.mcuxpresso.tools.win32_25.6.0.202501151204/tools/bin/../lib/gcc/arm-none-eabi/14.2.1/../../../../arm-none-eabi/lib/thumb/v8-m.main/nofp\libcr_nohost_nf.a(__ciob.o)
 .debug_abbrev  0x0000471f       0x5c C:/nxp/MCUXpressoIDE_25.6.136/ide/plugins/com.nxp.mcuxpresso.tools.win32_25.6.0.202501151204/tools/bin/../lib/gcc/arm-none-eabi/14.2.1/../../../../arm-none-eabi/lib/thumb/v8-m.main/nofp\libcr_nohost_nf.a(__sys_close.o)
 .debug_abbrev  0x0000477b       0x5c C:/nxp/MCUXpressoIDE_25.6.136/ide/plugins/com.nxp.mcuxpresso.tools.win32_25.6.0.202501151204/tools/bin/../lib/gcc/arm-none-eabi/14.2.1/../../../../arm-none-eabi/lib/thumb/v8-m.main/nofp\libcr_nohost_nf.a(__sys_flen.o)
 .debug_abbrev  0x000047d7       0x5c C:/nxp/MCUXpressoIDE_25.6.136/ide/plugins/com.nxp.mcuxpresso.tools.win32_25.6.0.202501151204/tools/bin/../lib/gcc/arm-none-eabi/14.2.1/../../../../arm-none-eabi/lib/thumb/v8-m.main/nofp\libcr_nohost_nf.a(__sys_istty.o)
 .debug_abbrev  0x00004833       0x7d C:/nxp/MCUXpressoIDE_25.6.136/ide/plugins/com.nxp.mcuxpresso.tools.win32_25.6.0.202501151204/tools/bin/../lib/gcc/arm-none-eabi/14.2.1/../../../../arm-none-eabi/lib/thumb/v8-m.main/nofp\libcr_nohost_nf.a(__sys_remove.o)
 .debug_abbrev  0x000048b0       0x6d C:/nxp/MCUXpressoIDE_25.6.136/ide/plugins/com.nxp.mcuxpresso.tools.win32_25.6.0.202501151204/tools/bin/../lib/gcc/arm-none-eabi/14.2.1/../../../../arm-none-eabi/lib/thumb/v8-m.main/nofp\libcr_nohost_nf.a(__sys_seek.o)
 .debug_abbrev  0x0000491d       0x76 C:/nxp/MCUXpressoIDE_25.6.136/ide/plugins/com.nxp.mcuxpresso.tools.win32_25.6.0.202501151204/tools/bin/../lib/gcc/arm-none-eabi/14.2.1/../../../../arm-none-eabi/lib/thumb/v8-m.main/nofp\libcr_nohost_nf.a(__sys_tmpnam.o)
 .debug_abbrev  0x00004993       0x76 C:/nxp/MCUXpressoIDE_25.6.136/ide/plugins/com.nxp.mcuxpresso.tools.win32_25.6.0.202501151204/tools/bin/../lib/gcc/arm-none-eabi/14.2.1/../../../../arm-none-eabi/lib/thumb/v8-m.main/nofp\libcr_nohost_nf.a(__sys_write.o)

.debug_aranges  0x00000000     0x1150
 .debug_aranges
                0x00000000       0xe8 ./utilities/str/fsl_str.o
 .debug_aranges
                0x000000e8       0xa8 ./utilities/debug_console/fsl_debug_console.o
 .debug_aranges
                0x00000190       0x28 ./utilities/fsl_assert.o
 .debug_aranges
                0x000001b8      0x268 ./startup/startup_lpc55s69_cm33_core1.o
 .debug_aranges
                0x00000420       0x68 ./source/main_core1.o
 .debug_aranges
                0x00000488       0x20 ./source/semihost_hardfault.o
 .debug_aranges
                0x000004a8       0x18 ./lcd/fonts/fixed12.o
 .debug_aranges
                0x000004c0       0x30 ./lcd/lcd.o
 .debug_aranges
                0x000004f0      0x100 ./lcd/lcd_dpy.o
 .debug_aranges
                0x000005f0       0x68 ./lcd/lcd_private.o
 .debug_aranges
                0x00000658       0x60 ./lcd/lcd_ts.o
 .debug_aranges
                0x000006b8      0x228 ./drivers/fsl_clock.o
 .debug_aranges
                0x000008e0       0xe0 ./drivers/fsl_ctimer.o
 .debug_aranges
                0x000009c0       0x90 ./drivers/fsl_flexcomm.o
 .debug_aranges
                0x00000a50       0x38 ./drivers/fsl_gpio.o
 .debug_aranges
                0x00000a88       0x30 ./drivers/fsl_reset.o
 .debug_aranges
                0x00000ab8      0x108 ./drivers/fsl_usart.o
 .debug_aranges
                0x00000bc0       0x88 ./device/system_LPC55S69_cm33_core1.o
 .debug_aranges
                0x00000c48       0x58 ./component/uart/fsl_adapter_usart.o
 .debug_aranges
                0x00000ca0       0xa0 ./component/serial_manager/fsl_component_serial_manager.o
 .debug_aranges
                0x00000d40       0x48 ./component/serial_manager/fsl_component_serial_port_uart.o
 .debug_aranges
                0x00000d88       0x20 C:/nxp/MCUXpressoIDE_25.6.136/ide/plugins/com.nxp.mcuxpresso.tools.win32_25.6.0.202501151204/tools/bin/../lib/gcc/arm-none-eabi/14.2.1/../../../../arm-none-eabi/lib/thumb/v8-m.main/nofp\libcr_nohost_nf.a(_cr__main.o)
 .debug_aranges
                0x00000da8       0x20 C:/nxp/MCUXpressoIDE_25.6.136/ide/plugins/com.nxp.mcuxpresso.tools.win32_25.6.0.202501151204/tools/bin/../lib/gcc/arm-none-eabi/14.2.1/../../../../arm-none-eabi/lib/thumb/v8-m.main/nofp\libcr_c.a(memcpy.o)
 .debug_aranges
                0x00000dc8       0x20 C:/nxp/MCUXpressoIDE_25.6.136/ide/plugins/com.nxp.mcuxpresso.tools.win32_25.6.0.202501151204/tools/bin/../lib/gcc/arm-none-eabi/14.2.1/../../../../arm-none-eabi/lib/thumb/v8-m.main/nofp\libcr_c.a(memset.o)
 .debug_aranges
                0x00000de8       0x40 C:/nxp/MCUXpressoIDE_25.6.136/ide/plugins/com.nxp.mcuxpresso.tools.win32_25.6.0.202501151204/tools/bin/../lib/gcc/arm-none-eabi/14.2.1/../../../../arm-none-eabi/lib/thumb/v8-m.main/nofp\libcr_c.a(alloc.o)
 .debug_aranges
                0x00000e28       0x18 C:/nxp/MCUXpressoIDE_25.6.136/ide/plugins/com.nxp.mcuxpresso.tools.win32_25.6.0.202501151204/tools/bin/../lib/gcc/arm-none-eabi/14.2.1/../../../../arm-none-eabi/lib/thumb/v8-m.main/nofp\libcr_c.a(errno.o)
 .debug_aranges
                0x00000e40       0x28 C:/nxp/MCUXpressoIDE_25.6.136/ide/plugins/com.nxp.mcuxpresso.tools.win32_25.6.0.202501151204/tools/bin/../lib/gcc/arm-none-eabi/14.2.1/../../../../arm-none-eabi/lib/thumb/v8-m.main/nofp\libcr_c.a(initio.o)
 .debug_aranges
                0x00000e68       0x20 C:/nxp/MCUXpressoIDE_25.6.136/ide/plugins/com.nxp.mcuxpresso.tools.win32_25.6.0.202501151204/tools/bin/../lib/gcc/arm-none-eabi/14.2.1/../../../../arm-none-eabi/lib/thumb/v8-m.main/nofp\libcr_c.a(setvbuf.o)
 .debug_aranges
                0x00000e88       0x20 C:/nxp/MCUXpressoIDE_25.6.136/ide/plugins/com.nxp.mcuxpresso.tools.win32_25.6.0.202501151204/tools/bin/../lib/gcc/arm-none-eabi/14.2.1/../../../../arm-none-eabi/lib/thumb/v8-m.main/nofp\libcr_c.a(strlen.o)
 .debug_aranges
                0x00000ea8       0x20 C:/nxp/MCUXpressoIDE_25.6.136/ide/plugins/com.nxp.mcuxpresso.tools.win32_25.6.0.202501151204/tools/bin/../lib/gcc/arm-none-eabi/14.2.1/../../../../arm-none-eabi/lib/thumb/v8-m.main/nofp\libcr_c.a(__init_alloc.o)
 .debug_aranges
                0x00000ec8       0x20 C:/nxp/MCUXpressoIDE_25.6.136/ide/plugins/com.nxp.mcuxpresso.tools.win32_25.6.0.202501151204/tools/bin/../lib/gcc/arm-none-eabi/14.2.1/../../../../arm-none-eabi/lib/thumb/v8-m.main/nofp\libcr_c.a(_cr_sbrk.o)
 .debug_aranges
                0x00000ee8       0x28 C:/nxp/MCUXpressoIDE_25.6.136/ide/plugins/com.nxp.mcuxpresso.tools.win32_25.6.0.202501151204/tools/bin/../lib/gcc/arm-none-eabi/14.2.1/../../../../arm-none-eabi/lib/thumb/v8-m.main/nofp\libcr_c.a(_deferredlazyseek.o)
 .debug_aranges
                0x00000f10       0x20 C:/nxp/MCUXpressoIDE_25.6.136/ide/plugins/com.nxp.mcuxpresso.tools.win32_25.6.0.202501151204/tools/bin/../lib/gcc/arm-none-eabi/14.2.1/../../../../arm-none-eabi/lib/thumb/v8-m.main/nofp\libcr_c.a(_fdopen.o)
 .debug_aranges
                0x00000f30       0x20 C:/nxp/MCUXpressoIDE_25.6.136/ide/plugins/com.nxp.mcuxpresso.tools.win32_25.6.0.202501151204/tools/bin/../lib/gcc/arm-none-eabi/14.2.1/../../../../arm-none-eabi/lib/thumb/v8-m.main/nofp\libcr_c.a(_fflush.o)
 .debug_aranges
                0x00000f50       0x20 C:/nxp/MCUXpressoIDE_25.6.136/ide/plugins/com.nxp.mcuxpresso.tools.win32_25.6.0.202501151204/tools/bin/../lib/gcc/arm-none-eabi/14.2.1/../../../../arm-none-eabi/lib/thumb/v8-m.main/nofp\libcr_c.a(_writebuf.o)
 .debug_aranges
                0x00000f70       0x20 C:/nxp/MCUXpressoIDE_25.6.136/ide/plugins/com.nxp.mcuxpresso.tools.win32_25.6.0.202501151204/tools/bin/../lib/gcc/arm-none-eabi/14.2.1/../../../../arm-none-eabi/lib/thumb/v8-m.main/nofp\libcr_c.a(fclose.o)
 .debug_aranges
                0x00000f90       0x20 C:/nxp/MCUXpressoIDE_25.6.136/ide/plugins/com.nxp.mcuxpresso.tools.win32_25.6.0.202501151204/tools/bin/../lib/gcc/arm-none-eabi/14.2.1/../../../../arm-none-eabi/lib/thumb/v8-m.main/nofp\libcr_c.a(fflush.o)
 .debug_aranges
                0x00000fb0       0x20 C:/nxp/MCUXpressoIDE_25.6.136/ide/plugins/com.nxp.mcuxpresso.tools.win32_25.6.0.202501151204/tools/bin/../lib/gcc/arm-none-eabi/14.2.1/../../../../arm-none-eabi/lib/thumb/v8-m.main/nofp\libcr_c.a(fseek.o)
 .debug_aranges
                0x00000fd0       0x20 C:/nxp/MCUXpressoIDE_25.6.136/ide/plugins/com.nxp.mcuxpresso.tools.win32_25.6.0.202501151204/tools/bin/../lib/gcc/arm-none-eabi/14.2.1/../../../../arm-none-eabi/lib/thumb/v8-m.main/nofp\libcr_c.a(ftell.o)
 .debug_aranges
                0x00000ff0       0x28 C:/nxp/MCUXpressoIDE_25.6.136/ide/plugins/com.nxp.mcuxpresso.tools.win32_25.6.0.202501151204/tools/bin/../lib/gcc/arm-none-eabi/14.2.1/../../../../arm-none-eabi/lib/thumb/v8-m.main/nofp\libcr_c.a(remove.o)
 .debug_aranges
                0x00001018       0x20 C:/nxp/MCUXpressoIDE_25.6.136/ide/plugins/com.nxp.mcuxpresso.tools.win32_25.6.0.202501151204/tools/bin/../lib/gcc/arm-none-eabi/14.2.1/../../../../arm-none-eabi/lib/thumb/v8-m.main/nofp\libcr_c.a(_cr_check_heap.o)
 .debug_aranges
                0x00001038       0x20 C:/nxp/MCUXpressoIDE_25.6.136/ide/plugins/com.nxp.mcuxpresso.tools.win32_25.6.0.202501151204/tools/bin/../lib/gcc/arm-none-eabi/14.2.1/../../../../arm-none-eabi/lib/thumb/v8-m.main/nofp\libcr_c.a(_do_fflush.o)
 .debug_aranges
                0x00001058       0x18 C:/nxp/MCUXpressoIDE_25.6.136/ide/plugins/com.nxp.mcuxpresso.tools.win32_25.6.0.202501151204/tools/bin/../lib/gcc/arm-none-eabi/14.2.1/../../../../arm-none-eabi/lib/thumb/v8-m.main/nofp\libcr_nohost_nf.a(__ciob.o)
 .debug_aranges
                0x00001070       0x20 C:/nxp/MCUXpressoIDE_25.6.136/ide/plugins/com.nxp.mcuxpresso.tools.win32_25.6.0.202501151204/tools/bin/../lib/gcc/arm-none-eabi/14.2.1/../../../../arm-none-eabi/lib/thumb/v8-m.main/nofp\libcr_nohost_nf.a(__sys_close.o)
 .debug_aranges
                0x00001090       0x20 C:/nxp/MCUXpressoIDE_25.6.136/ide/plugins/com.nxp.mcuxpresso.tools.win32_25.6.0.202501151204/tools/bin/../lib/gcc/arm-none-eabi/14.2.1/../../../../arm-none-eabi/lib/thumb/v8-m.main/nofp\libcr_nohost_nf.a(__sys_flen.o)
 .debug_aranges
                0x000010b0       0x20 C:/nxp/MCUXpressoIDE_25.6.136/ide/plugins/com.nxp.mcuxpresso.tools.win32_25.6.0.202501151204/tools/bin/../lib/gcc/arm-none-eabi/14.2.1/../../../../arm-none-eabi/lib/thumb/v8-m.main/nofp\libcr_nohost_nf.a(__sys_istty.o)
 .debug_aranges
                0x000010d0       0x20 C:/nxp/MCUXpressoIDE_25.6.136/ide/plugins/com.nxp.mcuxpresso.tools.win32_25.6.0.202501151204/tools/bin/../lib/gcc/arm-none-eabi/14.2.1/../../../../arm-none-eabi/lib/thumb/v8-m.main/nofp\libcr_nohost_nf.a(__sys_remove.o)
 .debug_aranges
                0x000010f0       0x20 C:/nxp/MCUXpressoIDE_25.6.136/ide/plugins/com.nxp.mcuxpresso.tools.win32_25.6.0.202501151204/tools/bin/../lib/gcc/arm-none-eabi/14.2.1/../../../../arm-none-eabi/lib/thumb/v8-m.main/nofp\libcr_nohost_nf.a(__sys_seek.o)
 .debug_aranges
                0x00001110       0x20 C:/nxp/MCUXpressoIDE_25.6.136/ide/plugins/com.nxp.mcuxpresso.tools.win32_25.6.0.202501151204/tools/bin/../lib/gcc/arm-none-eabi/14.2.1/../../../../arm-none-eabi/lib/thumb/v8-m.main/nofp\libcr_nohost_nf.a(__sys_tmpnam.o)
 .debug_aranges
                0x00001130       0x20 C:/nxp/MCUXpressoIDE_25.6.136/ide/plugins/com.nxp.mcuxpresso.tools.win32_25.6.0.202501151204/tools/bin/../lib/gcc/arm-none-eabi/14.2.1/../../../../arm-none-eabi/lib/thumb/v8-m.main/nofp\libcr_nohost_nf.a(__sys_write.o)

.debug_ranges   0x00000000      0xea8
 .debug_ranges  0x00000000      0x108 ./utilities/str/fsl_str.o
 .debug_ranges  0x00000108       0x98 ./utilities/debug_console/fsl_debug_console.o
 .debug_ranges  0x000001a0       0x18 ./utilities/fsl_assert.o
 .debug_ranges  0x000001b8      0x258 ./startup/startup_lpc55s69_cm33_core1.o
 .debug_ranges  0x00000410       0x58 ./source/main_core1.o
 .debug_ranges  0x00000468       0x10 ./source/semihost_hardfault.o
 .debug_ranges  0x00000478       0x20 ./lcd/lcd.o
 .debug_ranges  0x00000498       0xf0 ./lcd/lcd_dpy.o
 .debug_ranges  0x00000588       0x58 ./lcd/lcd_private.o
 .debug_ranges  0x000005e0       0x50 ./lcd/lcd_ts.o
 .debug_ranges  0x00000630      0x218 ./drivers/fsl_clock.o
 .debug_ranges  0x00000848       0xd0 ./drivers/fsl_ctimer.o
 .debug_ranges  0x00000918       0x80 ./drivers/fsl_flexcomm.o
 .debug_ranges  0x00000998       0x28 ./drivers/fsl_gpio.o
 .debug_ranges  0x000009c0       0x20 ./drivers/fsl_reset.o
 .debug_ranges  0x000009e0       0xf8 ./drivers/fsl_usart.o
 .debug_ranges  0x00000ad8       0x78 ./device/system_LPC55S69_cm33_core1.o
 .debug_ranges  0x00000b50       0x48 ./component/uart/fsl_adapter_usart.o
 .debug_ranges  0x00000b98       0x90 ./component/serial_manager/fsl_component_serial_manager.o
 .debug_ranges  0x00000c28       0x38 ./component/serial_manager/fsl_component_serial_port_uart.o
 .debug_ranges  0x00000c60       0x10 C:/nxp/MCUXpressoIDE_25.6.136/ide/plugins/com.nxp.mcuxpresso.tools.win32_25.6.0.202501151204/tools/bin/../lib/gcc/arm-none-eabi/14.2.1/../../../../arm-none-eabi/lib/thumb/v8-m.main/nofp\libcr_nohost_nf.a(_cr__main.o)
 .debug_ranges  0x00000c70       0x10 C:/nxp/MCUXpressoIDE_25.6.136/ide/plugins/com.nxp.mcuxpresso.tools.win32_25.6.0.202501151204/tools/bin/../lib/gcc/arm-none-eabi/14.2.1/../../../../arm-none-eabi/lib/thumb/v8-m.main/nofp\libcr_c.a(memcpy.o)
 .debug_ranges  0x00000c80       0x10 C:/nxp/MCUXpressoIDE_25.6.136/ide/plugins/com.nxp.mcuxpresso.tools.win32_25.6.0.202501151204/tools/bin/../lib/gcc/arm-none-eabi/14.2.1/../../../../arm-none-eabi/lib/thumb/v8-m.main/nofp\libcr_c.a(memset.o)
 .debug_ranges  0x00000c90       0x48 C:/nxp/MCUXpressoIDE_25.6.136/ide/plugins/com.nxp.mcuxpresso.tools.win32_25.6.0.202501151204/tools/bin/../lib/gcc/arm-none-eabi/14.2.1/../../../../arm-none-eabi/lib/thumb/v8-m.main/nofp\libcr_c.a(alloc.o)
 .debug_ranges  0x00000cd8       0x18 C:/nxp/MCUXpressoIDE_25.6.136/ide/plugins/com.nxp.mcuxpresso.tools.win32_25.6.0.202501151204/tools/bin/../lib/gcc/arm-none-eabi/14.2.1/../../../../arm-none-eabi/lib/thumb/v8-m.main/nofp\libcr_c.a(initio.o)