C:\Users\Ilias\Documents\MCUXpressoIDE_25.6.136\workspace\lpc55s69_calc_starter_core1\CMSIS/core_cm33.h:2358:22:__NVIC_EnableIRQ	16	static
C:\Users\Ilias\Documents\MCUXpressoIDE_25.6.136\workspace\lpc55s69_calc_starter_core1\CMSIS/core_cm33.h:2555:22:__NVIC_SetPriority	16	static
../source/main_core1.c:22:6:mb_init	8	static
../source/main_core1.c:31:10:mb_pop_evt	16	static
../source/main_core1.c:39:6:mb_push_evt	16	static
../source/main_core1.c:109:6:next_event	24	static
../source/main_core1.c:118:6:MAILBOX_IRQHandler	16	static
../source/main_core1.c:148:6:init_pool	16	static
../source/main_core1.c:155:6:free_buffer	16	static
../source/main_core1.c:164:5:main	136	static
