15:24:46 **** Incremental Build of configuration Debug for project lpc55s69_calc_starter_core1 ****
make -r -j12 all 
make[1]: Nothing to be done for 'main-build'.
Performing post-build steps
arm-none-eabi-size "lpc55s69_calc_starter_core1.axf"; # arm-none-eabi-objcopy -v -O binary "lpc55s69_calc_starter_core1.axf" "lpc55s69_calc_starter_core1.bin" ; # checksum -p LPC55S69 -d "lpc55s69_calc_starter_core1.bin";
   text	   data	    bss	    dec	    hex	filename
  20692	     64	   6992	  27748	   6c64	lpc55s69_calc_starter_core1.axf
 

15:24:46 Build Finished. 0 errors, 0 warnings. (took 252ms)

